Analysis & Synthesis report for ProjetoHardware
Wed Oct 02 08:32:54 2019
Quartus II 64-Bit Version 9.1 Build 350 03/24/2010 Service Pack 2 SJ Full Version


---------------------
; Table of Contents ;
---------------------
  1. Legal Notice
  2. Analysis & Synthesis Summary
  3. Analysis & Synthesis Settings
  4. Parallel Compilation
  5. Analysis & Synthesis Source Files Read
  6. Analysis & Synthesis Resource Usage Summary
  7. Analysis & Synthesis Resource Utilization by Entity
  8. User-Specified and Inferred Latches
  9. General Register Statistics
 10. Multiplexer Restructuring Statistics (Restructuring Performed)
 11. Analysis & Synthesis Messages



----------------
; Legal Notice ;
----------------
Copyright (C) 1991-2010 Altera Corporation
Your use of Altera Corporation's design tools, logic functions 
and other software and tools, and its AMPP partner logic 
functions, and any output files from any of the foregoing 
(including device programming or simulation files), and any 
associated documentation or information are expressly subject 
to the terms and conditions of the Altera Program License 
Subscription Agreement, Altera MegaCore Function License 
Agreement, or other applicable license agreement, including, 
without limitation, that your use is for the sole purpose of 
programming logic devices manufactured by Altera and sold by 
Altera or its authorized distributors.  Please refer to the 
applicable agreement for further details.



+-------------------------------------------------------------------------------+
; Analysis & Synthesis Summary                                                  ;
+-------------------------------+-----------------------------------------------+
; Analysis & Synthesis Status   ; Successful - Wed Oct 02 08:32:54 2019         ;
; Quartus II 64-Bit Version     ; 9.1 Build 350 03/24/2010 SP 2 SJ Full Version ;
; Revision Name                 ; ProjetoHardware                               ;
; Top-level Entity Name         ; SrcAddressMem                                 ;
; Family                        ; Stratix II                                    ;
; Logic utilization             ; N/A                                           ;
;     Combinational ALUTs       ; 97                                            ;
;     Dedicated logic registers ; 0                                             ;
; Total registers               ; 0                                             ;
; Total pins                    ; 195                                           ;
; Total virtual pins            ; 0                                             ;
; Total block memory bits       ; 0                                             ;
; DSP block 9-bit elements      ; 0                                             ;
; Total PLLs                    ; 0                                             ;
; Total DLLs                    ; 0                                             ;
+-------------------------------+-----------------------------------------------+


+----------------------------------------------------------------------------------------------------------------------+
; Analysis & Synthesis Settings                                                                                        ;
+----------------------------------------------------------------------------+--------------------+--------------------+
; Option                                                                     ; Setting            ; Default Value      ;
+----------------------------------------------------------------------------+--------------------+--------------------+
; Top-level entity name                                                      ; SrcAddressMem      ; ProjetoHardware    ;
; Family name                                                                ; Stratix II         ; Stratix II         ;
; Use Generated Physical Constraints File                                    ; Off                ;                    ;
; Use smart compilation                                                      ; Off                ; Off                ;
; Enable parallel Assembler and TimeQuest Timing Analyzer during compilation ; On                 ; On                 ;
; Enable compact report table                                                ; Off                ; Off                ;
; Restructure Multiplexers                                                   ; Auto               ; Auto               ;
; Create Debugging Nodes for IP Cores                                        ; Off                ; Off                ;
; Preserve fewer node names                                                  ; On                 ; On                 ;
; Disable OpenCore Plus hardware evaluation                                  ; Off                ; Off                ;
; Verilog Version                                                            ; Verilog_2001       ; Verilog_2001       ;
; VHDL Version                                                               ; VHDL_1993          ; VHDL_1993          ;
; State Machine Processing                                                   ; Auto               ; Auto               ;
; Safe State Machine                                                         ; Off                ; Off                ;
; Extract Verilog State Machines                                             ; On                 ; On                 ;
; Extract VHDL State Machines                                                ; On                 ; On                 ;
; Ignore Verilog initial constructs                                          ; Off                ; Off                ;
; Iteration limit for constant Verilog loops                                 ; 5000               ; 5000               ;
; Iteration limit for non-constant Verilog loops                             ; 250                ; 250                ;
; Add Pass-Through Logic to Inferred RAMs                                    ; On                 ; On                 ;
; Parallel Synthesis                                                         ; On                 ; On                 ;
; DSP Block Balancing                                                        ; Auto               ; Auto               ;
; NOT Gate Push-Back                                                         ; On                 ; On                 ;
; Power-Up Don't Care                                                        ; On                 ; On                 ;
; Remove Redundant Logic Cells                                               ; Off                ; Off                ;
; Remove Duplicate Registers                                                 ; On                 ; On                 ;
; Ignore CARRY Buffers                                                       ; Off                ; Off                ;
; Ignore CASCADE Buffers                                                     ; Off                ; Off                ;
; Ignore GLOBAL Buffers                                                      ; Off                ; Off                ;
; Ignore ROW GLOBAL Buffers                                                  ; Off                ; Off                ;
; Ignore LCELL Buffers                                                       ; Off                ; Off                ;
; Ignore SOFT Buffers                                                        ; On                 ; On                 ;
; Limit AHDL Integers to 32 Bits                                             ; Off                ; Off                ;
; Optimization Technique                                                     ; Balanced           ; Balanced           ;
; Carry Chain Length                                                         ; 70                 ; 70                 ;
; Auto Carry Chains                                                          ; On                 ; On                 ;
; Auto Open-Drain Pins                                                       ; On                 ; On                 ;
; Perform WYSIWYG Primitive Resynthesis                                      ; Off                ; Off                ;
; Auto ROM Replacement                                                       ; On                 ; On                 ;
; Auto RAM Replacement                                                       ; On                 ; On                 ;
; Auto DSP Block Replacement                                                 ; On                 ; On                 ;
; Auto Shift Register Replacement                                            ; Auto               ; Auto               ;
; Auto Clock Enable Replacement                                              ; On                 ; On                 ;
; Strict RAM Replacement                                                     ; Off                ; Off                ;
; Allow Synchronous Control Signals                                          ; On                 ; On                 ;
; Force Use of Synchronous Clear Signals                                     ; Off                ; Off                ;
; Auto RAM Block Balancing                                                   ; On                 ; On                 ;
; Auto RAM to Logic Cell Conversion                                          ; Off                ; Off                ;
; Auto Resource Sharing                                                      ; Off                ; Off                ;
; Allow Any RAM Size For Recognition                                         ; Off                ; Off                ;
; Allow Any ROM Size For Recognition                                         ; Off                ; Off                ;
; Allow Any Shift Register Size For Recognition                              ; Off                ; Off                ;
; Use LogicLock Constraints during Resource Balancing                        ; On                 ; On                 ;
; Ignore translate_off and synthesis_off directives                          ; Off                ; Off                ;
; Timing-Driven Synthesis                                                    ; Off                ; Off                ;
; Show Parameter Settings Tables in Synthesis Report                         ; On                 ; On                 ;
; Ignore Maximum Fan-Out Assignments                                         ; Off                ; Off                ;
; Synchronization Register Chain Length                                      ; 2                  ; 2                  ;
; PowerPlay Power Optimization                                               ; Normal compilation ; Normal compilation ;
; HDL message level                                                          ; Level2             ; Level2             ;
; Suppress Register Optimization Related Messages                            ; Off                ; Off                ;
; Number of Removed Registers Reported in Synthesis Report                   ; 5000               ; 5000               ;
; Number of Inverted Registers Reported in Synthesis Report                  ; 100                ; 100                ;
; Clock MUX Protection                                                       ; On                 ; On                 ;
; Auto Gated Clock Conversion                                                ; Off                ; Off                ;
; Block Design Naming                                                        ; Auto               ; Auto               ;
; SDC constraint protection                                                  ; Off                ; Off                ;
; Synthesis Effort                                                           ; Auto               ; Auto               ;
; Shift Register Replacement - Allow Asynchronous Clear Signal               ; On                 ; On                 ;
; Analysis & Synthesis Message Level                                         ; Medium             ; Medium             ;
; Disable Register Merging Across Hierarchies                                ; Auto               ; Auto               ;
; Resource Aware Inference For Block RAM                                     ; On                 ; On                 ;
+----------------------------------------------------------------------------+--------------------+--------------------+


+------------------------------------------+
; Parallel Compilation                     ;
+----------------------------+-------------+
; Processors                 ; Number      ;
+----------------------------+-------------+
; Number detected on machine ; 4           ;
; Maximum allowed            ; 4           ;
;                            ;             ;
; Average used               ; 1.00        ;
; Maximum used               ; 1           ;
;                            ;             ;
; Usage by Processor         ; % Time Used ;
;     1 processor            ; 100.0%      ;
;     2-4 processors         ;   0.0%      ;
+----------------------------+-------------+


+-------------------------------------------------------------------------------------------------------------------------------------+
; Analysis & Synthesis Source Files Read                                                                                              ;
+----------------------------------+-----------------+------------------------+-------------------------------------------------------+
; File Name with User-Entered Path ; Used in Netlist ; File Type              ; File Name with Absolute Path                          ;
+----------------------------------+-----------------+------------------------+-------------------------------------------------------+
; SrcAddressMem.v                  ; yes             ; User Verilog HDL File  ; E:/Users/lssa/Desktop/ProjetoHardware/SrcAddressMem.v ;
+----------------------------------+-----------------+------------------------+-------------------------------------------------------+


+--------------------------------------------------------------+
; Analysis & Synthesis Resource Usage Summary                  ;
+-----------------------------------------------+--------------+
; Resource                                      ; Usage        ;
+-----------------------------------------------+--------------+
; Estimated ALUTs Used                          ; 97           ;
; Dedicated logic registers                     ; 0            ;
;                                               ;              ;
; Estimated ALUTs Unavailable                   ; 32           ;
;                                               ;              ;
; Total combinational functions                 ; 97           ;
; Combinational ALUT usage by number of inputs  ;              ;
;     -- 7 input functions                      ; 0            ;
;     -- 6 input functions                      ; 32           ;
;     -- 5 input functions                      ; 0            ;
;     -- 4 input functions                      ; 0            ;
;     -- <=3 input functions                    ; 65           ;
;                                               ;              ;
; Combinational ALUTs by mode                   ;              ;
;     -- normal mode                            ; 97           ;
;     -- extended LUT mode                      ; 0            ;
;     -- arithmetic mode                        ; 0            ;
;     -- shared arithmetic mode                 ; 0            ;
;                                               ;              ;
; Estimated ALUT/register pairs used            ; 129          ;
;                                               ;              ;
; Total registers                               ; 0            ;
;     -- Dedicated logic registers              ; 0            ;
;     -- I/O registers                          ; 0            ;
;                                               ;              ;
; Estimated ALMs:  partially or completely used ; 65           ;
;                                               ;              ;
; I/O pins                                      ; 195          ;
; Maximum fan-out node                          ; srcAddMem[2] ;
; Maximum fan-out                               ; 33           ;
; Total fan-out                                 ; 419          ;
; Average fan-out                               ; 1.43         ;
+-----------------------------------------------+--------------+


+-----------------------------------------------------------------------------------------------------------------------------------------------------------------------------------------------+
; Analysis & Synthesis Resource Utilization by Entity                                                                                                                                           ;
+----------------------------+-------------------+--------------+-------------------+--------------+---------+-----------+-----------+------+--------------+---------------------+--------------+
; Compilation Hierarchy Node ; LC Combinationals ; LC Registers ; Block Memory Bits ; DSP Elements ; DSP 9x9 ; DSP 18x18 ; DSP 36x36 ; Pins ; Virtual Pins ; Full Hierarchy Name ; Library Name ;
+----------------------------+-------------------+--------------+-------------------+--------------+---------+-----------+-----------+------+--------------+---------------------+--------------+
; |SrcAddressMem             ; 97 (97)           ; 0 (0)        ; 0                 ; 0            ; 0       ; 0         ; 0         ; 195  ; 0            ; |SrcAddressMem      ; work         ;
+----------------------------+-------------------+--------------+-------------------+--------------+---------+-----------+-----------+------+--------------+---------------------+--------------+
Note: For table entries with two numbers listed, the numbers in parentheses indicate the number of resources of the given type used by the specific entity alone. The numbers listed outside of parentheses indicate the total resources of the given type used by the specific entity and all of its sub-entities in the hierarchy.


+----------------------------------------------------------------------------------------------------+
; User-Specified and Inferred Latches                                                                ;
+-----------------------------------------------------+---------------------+------------------------+
; Latch Name                                          ; Latch Enable Signal ; Free of Timing Hazards ;
+-----------------------------------------------------+---------------------+------------------------+
; out[0]$latch                                        ; Mux32               ; yes                    ;
; out[1]$latch                                        ; Mux32               ; yes                    ;
; out[2]$latch                                        ; Mux32               ; yes                    ;
; out[3]$latch                                        ; Mux32               ; yes                    ;
; out[4]$latch                                        ; Mux32               ; yes                    ;
; out[5]$latch                                        ; Mux32               ; yes                    ;
; out[6]$latch                                        ; Mux32               ; yes                    ;
; out[7]$latch                                        ; Mux32               ; yes                    ;
; out[8]$latch                                        ; Mux32               ; yes                    ;
; out[9]$latch                                        ; Mux32               ; yes                    ;
; out[10]$latch                                       ; Mux32               ; yes                    ;
; out[11]$latch                                       ; Mux32               ; yes                    ;
; out[12]$latch                                       ; Mux32               ; yes                    ;
; out[13]$latch                                       ; Mux32               ; yes                    ;
; out[14]$latch                                       ; Mux32               ; yes                    ;
; out[15]$latch                                       ; Mux32               ; yes                    ;
; out[16]$latch                                       ; Mux32               ; yes                    ;
; out[17]$latch                                       ; Mux32               ; yes                    ;
; out[18]$latch                                       ; Mux32               ; yes                    ;
; out[19]$latch                                       ; Mux32               ; yes                    ;
; out[20]$latch                                       ; Mux32               ; yes                    ;
; out[21]$latch                                       ; Mux32               ; yes                    ;
; out[22]$latch                                       ; Mux32               ; yes                    ;
; out[23]$latch                                       ; Mux32               ; yes                    ;
; out[24]$latch                                       ; Mux32               ; yes                    ;
; out[25]$latch                                       ; Mux32               ; yes                    ;
; out[26]$latch                                       ; Mux32               ; yes                    ;
; out[27]$latch                                       ; Mux32               ; yes                    ;
; out[28]$latch                                       ; Mux32               ; yes                    ;
; out[29]$latch                                       ; Mux32               ; yes                    ;
; out[30]$latch                                       ; Mux32               ; yes                    ;
; out[31]$latch                                       ; Mux32               ; yes                    ;
; Number of user-specified and inferred latches = 32  ;                     ;                        ;
+-----------------------------------------------------+---------------------+------------------------+
Note: All latches listed above may not be present at the end of synthesis due to various synthesis optimizations.


+------------------------------------------------------+
; General Register Statistics                          ;
+----------------------------------------------+-------+
; Statistic                                    ; Value ;
+----------------------------------------------+-------+
; Total registers                              ; 0     ;
; Number of registers using Synchronous Clear  ; 0     ;
; Number of registers using Synchronous Load   ; 0     ;
; Number of registers using Asynchronous Clear ; 0     ;
; Number of registers using Asynchronous Load  ; 0     ;
; Number of registers using Clock Enable       ; 0     ;
; Number of registers using Preset             ; 0     ;
+----------------------------------------------+-------+


+------------------------------------------------------------------------------------------------------------------------------------------+
; Multiplexer Restructuring Statistics (Restructuring Performed)                                                                           ;
+--------------------+-----------+---------------+----------------------+------------------------+------------+----------------------------+
; Multiplexer Inputs ; Bus Width ; Baseline Area ; Area if Restructured ; Saving if Restructured ; Registered ; Example Multiplexer Output ;
+--------------------+-----------+---------------+----------------------+------------------------+------------+----------------------------+
; 5:1                ; 32 bits   ; 96 ALUTs      ; 96 ALUTs             ; 0 ALUTs                ; No         ; |SrcAddressMem|Mux0        ;
+--------------------+-----------+---------------+----------------------+------------------------+------------+----------------------------+


+-------------------------------+
; Analysis & Synthesis Messages ;
+-------------------------------+
Info: *******************************************************************
Info: Running Quartus II 64-Bit Analysis & Synthesis
    Info: Version 9.1 Build 350 03/24/2010 Service Pack 2 SJ Full Version
    Info: Processing started: Wed Oct 02 08:32:51 2019
Info: Command: quartus_map --read_settings_files=on --write_settings_files=off ProjetoHardware -c ProjetoHardware
Info: Parallel compilation is enabled and will use 4 of the 4 processors detected
Info: Found 1 design units, including 1 entities, in source file srcaddressmem.v
    Info: Found entity 1: SrcAddressMem
Info: Elaborating entity "SrcAddressMem" for the top level hierarchy
Warning (10270): Verilog HDL Case Statement warning at SrcAddressMem.v(18): incomplete case statement has no default case item
Warning (10240): Verilog HDL Always Construct warning at SrcAddressMem.v(14): inferring latch(es) for variable "out", which holds its previous value in one or more paths through the always construct
Info (10041): Inferred latch for "out[0]" at SrcAddressMem.v(14)
Info (10041): Inferred latch for "out[1]" at SrcAddressMem.v(14)
Info (10041): Inferred latch for "out[2]" at SrcAddressMem.v(14)
Info (10041): Inferred latch for "out[3]" at SrcAddressMem.v(14)
Info (10041): Inferred latch for "out[4]" at SrcAddressMem.v(14)
Info (10041): Inferred latch for "out[5]" at SrcAddressMem.v(14)
Info (10041): Inferred latch for "out[6]" at SrcAddressMem.v(14)
Info (10041): Inferred latch for "out[7]" at SrcAddressMem.v(14)
Info (10041): Inferred latch for "out[8]" at SrcAddressMem.v(14)
Info (10041): Inferred latch for "out[9]" at SrcAddressMem.v(14)
Info (10041): Inferred latch for "out[10]" at SrcAddressMem.v(14)
Info (10041): Inferred latch for "out[11]" at SrcAddressMem.v(14)
Info (10041): Inferred latch for "out[12]" at SrcAddressMem.v(14)
Info (10041): Inferred latch for "out[13]" at SrcAddressMem.v(14)
Info (10041): Inferred latch for "out[14]" at SrcAddressMem.v(14)
Info (10041): Inferred latch for "out[15]" at SrcAddressMem.v(14)
Info (10041): Inferred latch for "out[16]" at SrcAddressMem.v(14)
Info (10041): Inferred latch for "out[17]" at SrcAddressMem.v(14)
Info (10041): Inferred latch for "out[18]" at SrcAddressMem.v(14)
Info (10041): Inferred latch for "out[19]" at SrcAddressMem.v(14)
Info (10041): Inferred latch for "out[20]" at SrcAddressMem.v(14)
Info (10041): Inferred latch for "out[21]" at SrcAddressMem.v(14)
Info (10041): Inferred latch for "out[22]" at SrcAddressMem.v(14)
Info (10041): Inferred latch for "out[23]" at SrcAddressMem.v(14)
Info (10041): Inferred latch for "out[24]" at SrcAddressMem.v(14)
Info (10041): Inferred latch for "out[25]" at SrcAddressMem.v(14)
Info (10041): Inferred latch for "out[26]" at SrcAddressMem.v(14)
Info (10041): Inferred latch for "out[27]" at SrcAddressMem.v(14)
Info (10041): Inferred latch for "out[28]" at SrcAddressMem.v(14)
Info (10041): Inferred latch for "out[29]" at SrcAddressMem.v(14)
Info (10041): Inferred latch for "out[30]" at SrcAddressMem.v(14)
Info (10041): Inferred latch for "out[31]" at SrcAddressMem.v(14)
Warning: Latch out[0]$latch has unsafe behavior
    Warning: Ports D and ENA on the latch are fed by the same signal srcAddMem[1]
Warning: Latch out[1]$latch has unsafe behavior
    Warning: Ports D and ENA on the latch are fed by the same signal srcAddMem[1]
Warning: Latch out[2]$latch has unsafe behavior
    Warning: Ports D and ENA on the latch are fed by the same signal srcAddMem[1]
Warning: Latch out[3]$latch has unsafe behavior
    Warning: Ports D and ENA on the latch are fed by the same signal srcAddMem[1]
Warning: Latch out[4]$latch has unsafe behavior
    Warning: Ports D and ENA on the latch are fed by the same signal srcAddMem[1]
Warning: Latch out[5]$latch has unsafe behavior
    Warning: Ports D and ENA on the latch are fed by the same signal srcAddMem[1]
Warning: Latch out[6]$latch has unsafe behavior
    Warning: Ports D and ENA on the latch are fed by the same signal srcAddMem[1]
Warning: Latch out[7]$latch has unsafe behavior
    Warning: Ports D and ENA on the latch are fed by the same signal srcAddMem[1]
Warning: Latch out[8]$latch has unsafe behavior
    Warning: Ports D and ENA on the latch are fed by the same signal srcAddMem[1]
Warning: Latch out[9]$latch has unsafe behavior
    Warning: Ports D and ENA on the latch are fed by the same signal srcAddMem[1]
Warning: Latch out[10]$latch has unsafe behavior
    Warning: Ports D and ENA on the latch are fed by the same signal srcAddMem[1]
Warning: Latch out[11]$latch has unsafe behavior
    Warning: Ports D and ENA on the latch are fed by the same signal srcAddMem[1]
Warning: Latch out[12]$latch has unsafe behavior
    Warning: Ports D and ENA on the latch are fed by the same signal srcAddMem[1]
Warning: Latch out[13]$latch has unsafe behavior
    Warning: Ports D and ENA on the latch are fed by the same signal srcAddMem[1]
Warning: Latch out[14]$latch has unsafe behavior
    Warning: Ports D and ENA on the latch are fed by the same signal srcAddMem[1]
Warning: Latch out[15]$latch has unsafe behavior
    Warning: Ports D and ENA on the latch are fed by the same signal srcAddMem[1]
Warning: Latch out[16]$latch has unsafe behavior
    Warning: Ports D and ENA on the latch are fed by the same signal srcAddMem[1]
Warning: Latch out[17]$latch has unsafe behavior
    Warning: Ports D and ENA on the latch are fed by the same signal srcAddMem[1]
Warning: Latch out[18]$latch has unsafe behavior
    Warning: Ports D and ENA on the latch are fed by the same signal srcAddMem[1]
Warning: Latch out[19]$latch has unsafe behavior
    Warning: Ports D and ENA on the latch are fed by the same signal srcAddMem[1]
Warning: Latch out[20]$latch has unsafe behavior
    Warning: Ports D and ENA on the latch are fed by the same signal srcAddMem[1]
Warning: Latch out[21]$latch has unsafe behavior
    Warning: Ports D and ENA on the latch are fed by the same signal srcAddMem[1]
Warning: Latch out[22]$latch has unsafe behavior
    Warning: Ports D and ENA on the latch are fed by the same signal srcAddMem[1]
Warning: Latch out[23]$latch has unsafe behavior
    Warning: Ports D and ENA on the latch are fed by the same signal srcAddMem[1]
Warning: Latch out[24]$latch has unsafe behavior
    Warning: Ports D and ENA on the latch are fed by the same signal srcAddMem[1]
Warning: Latch out[25]$latch has unsafe behavior
    Warning: Ports D and ENA on the latch are fed by the same signal srcAddMem[1]
Warning: Latch out[26]$latch has unsafe behavior
    Warning: Ports D and ENA on the latch are fed by the same signal srcAddMem[1]
Warning: Latch out[27]$latch has unsafe behavior
    Warning: Ports D and ENA on the latch are fed by the same signal srcAddMem[1]
Warning: Latch out[28]$latch has unsafe behavior
    Warning: Ports D and ENA on the latch are fed by the same signal srcAddMem[1]
Warning: Latch out[29]$latch has unsafe behavior
    Warning: Ports D and ENA on the latch are fed by the same signal srcAddMem[1]
Warning: Latch out[30]$latch has unsafe behavior
    Warning: Ports D and ENA on the latch are fed by the same signal srcAddMem[1]
Warning: Latch out[31]$latch has unsafe behavior
    Warning: Ports D and ENA on the latch are fed by the same signal srcAddMem[1]
Warning: Ignored assignments for entity "ProjetoHardware" -- entity does not exist in design
    Warning: Assignment for entity set_global_assignment -name LL_ROOT_REGION ON -entity ProjetoHardware -section_id "Root Region" was ignored
    Warning: Assignment for entity set_global_assignment -name LL_MEMBER_STATE LOCKED -entity ProjetoHardware -section_id "Root Region" was ignored
Info: Implemented 292 device resources after synthesis - the final resource count might be different
    Info: Implemented 163 input pins
    Info: Implemented 32 output pins
    Info: Implemented 97 logic cells
Info: Quartus II 64-Bit Analysis & Synthesis was successful. 0 errors, 69 warnings
    Info: Peak virtual memory: 4425 megabytes
    Info: Processing ended: Wed Oct 02 08:32:54 2019
    Info: Elapsed time: 00:00:03
    Info: Total CPU time (on all processors): 00:00:01


