Classic Timing Analyzer report for ProjetoHardware
Wed Oct 02 08:33:10 2019
Quartus II 64-Bit Version 9.1 Build 350 03/24/2010 Service Pack 2 SJ Full Version


---------------------
; Table of Contents ;
---------------------
  1. Legal Notice
  2. Timing Analyzer Summary
  3. Timing Analyzer Settings
  4. Clock Settings Summary
  5. Parallel Compilation
  6. tsu
  7. tco
  8. th
  9. Timing Analyzer Messages



----------------
; Legal Notice ;
----------------
Copyright (C) 1991-2010 Altera Corporation
Your use of Altera Corporation's design tools, logic functions 
and other software and tools, and its AMPP partner logic 
functions, and any output files from any of the foregoing 
(including device programming or simulation files), and any 
associated documentation or information are expressly subject 
to the terms and conditions of the Altera Program License 
Subscription Agreement, Altera MegaCore Function License 
Agreement, or other applicable license agreement, including, 
without limitation, that your use is for the sole purpose of 
programming logic devices manufactured by Altera and sold by 
Altera or its authorized distributors.  Please refer to the 
applicable agreement for further details.



+----------------------------------------------------------------------------------------------------------------------------------------------------+
; Timing Analyzer Summary                                                                                                                            ;
+------------------------------+-------+---------------+-------------+------------------+---------------+--------------+--------------+--------------+
; Type                         ; Slack ; Required Time ; Actual Time ; From             ; To            ; From Clock   ; To Clock     ; Failed Paths ;
+------------------------------+-------+---------------+-------------+------------------+---------------+--------------+--------------+--------------+
; Worst-case tsu               ; N/A   ; None          ; 4.419 ns    ; in_causeDiv0[5]  ; out[5]$latch  ; --           ; srcAddMem[2] ; 0            ;
; Worst-case tco               ; N/A   ; None          ; 8.678 ns    ; out[7]$latch     ; out[7]        ; srcAddMem[0] ; --           ; 0            ;
; Worst-case th                ; N/A   ; None          ; -1.173 ns   ; in_causeNoOp[30] ; out[30]$latch ; --           ; srcAddMem[0] ; 0            ;
; Total number of failed paths ;       ;               ;             ;                  ;               ;              ;              ; 0            ;
+------------------------------+-------+---------------+-------------+------------------+---------------+--------------+--------------+--------------+


+-----------------------------------------------------------------------------------------------------------------------------------------------------+
; Timing Analyzer Settings                                                                                                                            ;
+------------------------------------------------------------------------------------------------------+--------------------+------+----+-------------+
; Option                                                                                               ; Setting            ; From ; To ; Entity Name ;
+------------------------------------------------------------------------------------------------------+--------------------+------+----+-------------+
; Device Name                                                                                          ; EP2S15F484C3       ;      ;    ;             ;
; Timing Models                                                                                        ; Final              ;      ;    ;             ;
; Default hold multicycle                                                                              ; Same as Multicycle ;      ;    ;             ;
; Cut paths between unrelated clock domains                                                            ; On                 ;      ;    ;             ;
; Cut off read during write signal paths                                                               ; On                 ;      ;    ;             ;
; Cut off feedback from I/O pins                                                                       ; On                 ;      ;    ;             ;
; Report Combined Fast/Slow Timing                                                                     ; Off                ;      ;    ;             ;
; Ignore Clock Settings                                                                                ; Off                ;      ;    ;             ;
; Analyze latches as synchronous elements                                                              ; On                 ;      ;    ;             ;
; Enable Recovery/Removal analysis                                                                     ; Off                ;      ;    ;             ;
; Enable Clock Latency                                                                                 ; Off                ;      ;    ;             ;
; Use TimeQuest Timing Analyzer                                                                        ; Off                ;      ;    ;             ;
; Number of source nodes to report per destination node                                                ; 10                 ;      ;    ;             ;
; Number of destination nodes to report                                                                ; 10                 ;      ;    ;             ;
; Number of paths to report                                                                            ; 200                ;      ;    ;             ;
; Report Minimum Timing Checks                                                                         ; Off                ;      ;    ;             ;
; Use Fast Timing Models                                                                               ; Off                ;      ;    ;             ;
; Report IO Paths Separately                                                                           ; Off                ;      ;    ;             ;
; Perform Multicorner Analysis                                                                         ; On                 ;      ;    ;             ;
; Reports the worst-case path for each clock domain and analysis                                       ; Off                ;      ;    ;             ;
; Reports worst-case timing paths for each clock domain and analysis                                   ; Off                ;      ;    ;             ;
; Specifies the maximum number of worst-case timing paths to report for each clock domain and analysis ; 100                ;      ;    ;             ;
; Removes common clock path pessimism (CCPP) during slack computation                                  ; Off                ;      ;    ;             ;
; Output I/O Timing Endpoint                                                                           ; Near End           ;      ;    ;             ;
+------------------------------------------------------------------------------------------------------+--------------------+------+----+-------------+


+------------------------------------------------------------------------------------------------------------------------------------------------------------------------------------+
; Clock Settings Summary                                                                                                                                                             ;
+-----------------+--------------------+----------+------------------+---------------+--------------+----------+-----------------------+---------------------+--------+--------------+
; Clock Node Name ; Clock Setting Name ; Type     ; Fmax Requirement ; Early Latency ; Late Latency ; Based on ; Multiply Base Fmax by ; Divide Base Fmax by ; Offset ; Phase offset ;
+-----------------+--------------------+----------+------------------+---------------+--------------+----------+-----------------------+---------------------+--------+--------------+
; srcAddMem[2]    ;                    ; User Pin ; None             ; 0.000 ns      ; 0.000 ns     ; --       ; N/A                   ; N/A                 ; N/A    ;              ;
; srcAddMem[1]    ;                    ; User Pin ; None             ; 0.000 ns      ; 0.000 ns     ; --       ; N/A                   ; N/A                 ; N/A    ;              ;
; srcAddMem[0]    ;                    ; User Pin ; None             ; 0.000 ns      ; 0.000 ns     ; --       ; N/A                   ; N/A                 ; N/A    ;              ;
+-----------------+--------------------+----------+------------------+---------------+--------------+----------+-----------------------+---------------------+--------+--------------+


+------------------------------------------+
; Parallel Compilation                     ;
+----------------------------+-------------+
; Processors                 ; Number      ;
+----------------------------+-------------+
; Number detected on machine ; 4           ;
; Maximum allowed            ; 4           ;
;                            ;             ;
; Average used               ; 1.00        ;
; Maximum used               ; 1           ;
;                            ;             ;
; Usage by Processor         ; % Time Used ;
;     1 processor            ; 100.0%      ;
;     2-4 processors         ;   0.0%      ;
+----------------------------+-------------+


+--------------------------------------------------------------------------------------------------------------------------------------------------------------+
; tsu                                                                                                                                                          ;
+-----------------------------------------+-----------------------------------------------------+------------+------------------+---------------+--------------+
; Slack                                   ; Required tsu                                        ; Actual tsu ; From             ; To            ; To Clock     ;
+-----------------------------------------+-----------------------------------------------------+------------+------------------+---------------+--------------+
; N/A                                     ; None                                                ; 4.419 ns   ; in_causeDiv0[5]  ; out[5]$latch  ; srcAddMem[2] ;
; N/A                                     ; None                                                ; 4.305 ns   ; in_causeDiv0[5]  ; out[5]$latch  ; srcAddMem[1] ;
; N/A                                     ; None                                                ; 4.260 ns   ; in_causeDiv0[5]  ; out[5]$latch  ; srcAddMem[0] ;
; N/A                                     ; None                                                ; 4.166 ns   ; srcAddMem[2]     ; out[20]$latch ; srcAddMem[2] ;
; N/A                                     ; None                                                ; 4.079 ns   ; srcAddMem[2]     ; out[12]$latch ; srcAddMem[2] ;
; N/A                                     ; None                                                ; 4.052 ns   ; srcAddMem[2]     ; out[20]$latch ; srcAddMem[1] ;
; N/A                                     ; None                                                ; 4.007 ns   ; srcAddMem[2]     ; out[20]$latch ; srcAddMem[0] ;
; N/A                                     ; None                                                ; 3.977 ns   ; in_pc[5]         ; out[5]$latch  ; srcAddMem[2] ;
; N/A                                     ; None                                                ; 3.965 ns   ; srcAddMem[2]     ; out[12]$latch ; srcAddMem[1] ;
; N/A                                     ; None                                                ; 3.920 ns   ; srcAddMem[2]     ; out[12]$latch ; srcAddMem[0] ;
; N/A                                     ; None                                                ; 3.913 ns   ; srcAddMem[2]     ; out[23]$latch ; srcAddMem[2] ;
; N/A                                     ; None                                                ; 3.863 ns   ; in_pc[14]        ; out[14]$latch ; srcAddMem[2] ;
; N/A                                     ; None                                                ; 3.863 ns   ; in_pc[5]         ; out[5]$latch  ; srcAddMem[1] ;
; N/A                                     ; None                                                ; 3.856 ns   ; in_causeDiv0[0]  ; out[0]$latch  ; srcAddMem[2] ;
; N/A                                     ; None                                                ; 3.834 ns   ; srcAddMem[2]     ; out[15]$latch ; srcAddMem[2] ;
; N/A                                     ; None                                                ; 3.829 ns   ; in_causeDiv0[23] ; out[23]$latch ; srcAddMem[2] ;
; N/A                                     ; None                                                ; 3.819 ns   ; srcAddMem[2]     ; out[13]$latch ; srcAddMem[2] ;
; N/A                                     ; None                                                ; 3.818 ns   ; in_pc[5]         ; out[5]$latch  ; srcAddMem[0] ;
; N/A                                     ; None                                                ; 3.817 ns   ; in_pc[13]        ; out[13]$latch ; srcAddMem[2] ;
; N/A                                     ; None                                                ; 3.810 ns   ; in_pc[26]        ; out[26]$latch ; srcAddMem[2] ;
; N/A                                     ; None                                                ; 3.804 ns   ; srcAddMem[0]     ; out[31]$latch ; srcAddMem[2] ;
; N/A                                     ; None                                                ; 3.799 ns   ; srcAddMem[2]     ; out[23]$latch ; srcAddMem[1] ;
; N/A                                     ; None                                                ; 3.782 ns   ; in_causeDiv0[30] ; out[30]$latch ; srcAddMem[2] ;
; N/A                                     ; None                                                ; 3.754 ns   ; srcAddMem[2]     ; out[23]$latch ; srcAddMem[0] ;
; N/A                                     ; None                                                ; 3.749 ns   ; in_pc[14]        ; out[14]$latch ; srcAddMem[1] ;
; N/A                                     ; None                                                ; 3.742 ns   ; in_causeDiv0[0]  ; out[0]$latch  ; srcAddMem[1] ;
; N/A                                     ; None                                                ; 3.731 ns   ; srcAddMem[2]     ; out[22]$latch ; srcAddMem[2] ;
; N/A                                     ; None                                                ; 3.730 ns   ; srcAddMem[2]     ; out[21]$latch ; srcAddMem[2] ;
; N/A                                     ; None                                                ; 3.720 ns   ; srcAddMem[2]     ; out[15]$latch ; srcAddMem[1] ;
; N/A                                     ; None                                                ; 3.715 ns   ; in_causeDiv0[23] ; out[23]$latch ; srcAddMem[1] ;
; N/A                                     ; None                                                ; 3.712 ns   ; srcAddMem[2]     ; out[31]$latch ; srcAddMem[2] ;
; N/A                                     ; None                                                ; 3.705 ns   ; srcAddMem[2]     ; out[13]$latch ; srcAddMem[1] ;
; N/A                                     ; None                                                ; 3.704 ns   ; in_pc[14]        ; out[14]$latch ; srcAddMem[0] ;
; N/A                                     ; None                                                ; 3.703 ns   ; in_pc[13]        ; out[13]$latch ; srcAddMem[1] ;
; N/A                                     ; None                                                ; 3.697 ns   ; in_causeDiv0[0]  ; out[0]$latch  ; srcAddMem[0] ;
; N/A                                     ; None                                                ; 3.696 ns   ; in_causeDiv0[29] ; out[29]$latch ; srcAddMem[2] ;
; N/A                                     ; None                                                ; 3.696 ns   ; in_pc[26]        ; out[26]$latch ; srcAddMem[1] ;
; N/A                                     ; None                                                ; 3.690 ns   ; srcAddMem[0]     ; out[31]$latch ; srcAddMem[1] ;
; N/A                                     ; None                                                ; 3.686 ns   ; srcAddMem[0]     ; out[28]$latch ; srcAddMem[2] ;
; N/A                                     ; None                                                ; 3.684 ns   ; srcAddMem[2]     ; out[3]$latch  ; srcAddMem[2] ;
; N/A                                     ; None                                                ; 3.675 ns   ; srcAddMem[2]     ; out[15]$latch ; srcAddMem[0] ;
; N/A                                     ; None                                                ; 3.670 ns   ; in_causeDiv0[23] ; out[23]$latch ; srcAddMem[0] ;
; N/A                                     ; None                                                ; 3.668 ns   ; in_causeDiv0[30] ; out[30]$latch ; srcAddMem[1] ;
; N/A                                     ; None                                                ; 3.660 ns   ; srcAddMem[2]     ; out[13]$latch ; srcAddMem[0] ;
; N/A                                     ; None                                                ; 3.658 ns   ; in_pc[23]        ; out[23]$latch ; srcAddMem[2] ;
; N/A                                     ; None                                                ; 3.658 ns   ; in_pc[13]        ; out[13]$latch ; srcAddMem[0] ;
; N/A                                     ; None                                                ; 3.651 ns   ; in_pc[26]        ; out[26]$latch ; srcAddMem[0] ;
; N/A                                     ; None                                                ; 3.645 ns   ; srcAddMem[0]     ; out[31]$latch ; srcAddMem[0] ;
; N/A                                     ; None                                                ; 3.628 ns   ; srcAddMem[2]     ; out[6]$latch  ; srcAddMem[2] ;
; N/A                                     ; None                                                ; 3.624 ns   ; srcAddMem[2]     ; out[14]$latch ; srcAddMem[2] ;
; N/A                                     ; None                                                ; 3.623 ns   ; in_causeDiv0[30] ; out[30]$latch ; srcAddMem[0] ;
; N/A                                     ; None                                                ; 3.617 ns   ; srcAddMem[2]     ; out[22]$latch ; srcAddMem[1] ;
; N/A                                     ; None                                                ; 3.617 ns   ; in_pc[27]        ; out[27]$latch ; srcAddMem[2] ;
; N/A                                     ; None                                                ; 3.616 ns   ; srcAddMem[2]     ; out[21]$latch ; srcAddMem[1] ;
; N/A                                     ; None                                                ; 3.615 ns   ; in_causeDiv0[25] ; out[25]$latch ; srcAddMem[2] ;
; N/A                                     ; None                                                ; 3.613 ns   ; srcAddMem[2]     ; out[18]$latch ; srcAddMem[2] ;
; N/A                                     ; None                                                ; 3.602 ns   ; in_causeDiv0[4]  ; out[4]$latch  ; srcAddMem[2] ;
; N/A                                     ; None                                                ; 3.598 ns   ; srcAddMem[2]     ; out[31]$latch ; srcAddMem[1] ;
; N/A                                     ; None                                                ; 3.595 ns   ; srcAddMem[2]     ; out[28]$latch ; srcAddMem[2] ;
; N/A                                     ; None                                                ; 3.587 ns   ; srcAddMem[0]     ; out[29]$latch ; srcAddMem[2] ;
; N/A                                     ; None                                                ; 3.587 ns   ; in_causeDiv0[3]  ; out[3]$latch  ; srcAddMem[2] ;
; N/A                                     ; None                                                ; 3.585 ns   ; in_causeDiv0[12] ; out[12]$latch ; srcAddMem[2] ;
; N/A                                     ; None                                                ; 3.582 ns   ; in_causeDiv0[29] ; out[29]$latch ; srcAddMem[1] ;
; N/A                                     ; None                                                ; 3.573 ns   ; srcAddMem[2]     ; out[5]$latch  ; srcAddMem[2] ;
; N/A                                     ; None                                                ; 3.572 ns   ; srcAddMem[0]     ; out[28]$latch ; srcAddMem[1] ;
; N/A                                     ; None                                                ; 3.572 ns   ; srcAddMem[2]     ; out[22]$latch ; srcAddMem[0] ;
; N/A                                     ; None                                                ; 3.571 ns   ; srcAddMem[2]     ; out[21]$latch ; srcAddMem[0] ;
; N/A                                     ; None                                                ; 3.570 ns   ; srcAddMem[2]     ; out[3]$latch  ; srcAddMem[1] ;
; N/A                                     ; None                                                ; 3.553 ns   ; srcAddMem[2]     ; out[31]$latch ; srcAddMem[0] ;
; N/A                                     ; None                                                ; 3.553 ns   ; in_pc[31]        ; out[31]$latch ; srcAddMem[2] ;
; N/A                                     ; None                                                ; 3.544 ns   ; in_pc[23]        ; out[23]$latch ; srcAddMem[1] ;
; N/A                                     ; None                                                ; 3.537 ns   ; in_causeDiv0[29] ; out[29]$latch ; srcAddMem[0] ;
; N/A                                     ; None                                                ; 3.535 ns   ; in_causeDiv0[9]  ; out[9]$latch  ; srcAddMem[2] ;
; N/A                                     ; None                                                ; 3.527 ns   ; srcAddMem[0]     ; out[28]$latch ; srcAddMem[0] ;
; N/A                                     ; None                                                ; 3.525 ns   ; srcAddMem[2]     ; out[3]$latch  ; srcAddMem[0] ;
; N/A                                     ; None                                                ; 3.514 ns   ; srcAddMem[2]     ; out[6]$latch  ; srcAddMem[1] ;
; N/A                                     ; None                                                ; 3.510 ns   ; srcAddMem[2]     ; out[14]$latch ; srcAddMem[1] ;
; N/A                                     ; None                                                ; 3.503 ns   ; in_pc[27]        ; out[27]$latch ; srcAddMem[1] ;
; N/A                                     ; None                                                ; 3.501 ns   ; in_causeDiv0[25] ; out[25]$latch ; srcAddMem[1] ;
; N/A                                     ; None                                                ; 3.500 ns   ; in_pc[3]         ; out[3]$latch  ; srcAddMem[2] ;
; N/A                                     ; None                                                ; 3.499 ns   ; srcAddMem[2]     ; out[18]$latch ; srcAddMem[1] ;
; N/A                                     ; None                                                ; 3.499 ns   ; in_pc[23]        ; out[23]$latch ; srcAddMem[0] ;
; N/A                                     ; None                                                ; 3.499 ns   ; in_pc[9]         ; out[9]$latch  ; srcAddMem[2] ;
; N/A                                     ; None                                                ; 3.496 ns   ; srcAddMem[2]     ; out[7]$latch  ; srcAddMem[2] ;
; N/A                                     ; None                                                ; 3.488 ns   ; in_causeNoOp[24] ; out[24]$latch ; srcAddMem[2] ;
; N/A                                     ; None                                                ; 3.488 ns   ; in_causeDiv0[4]  ; out[4]$latch  ; srcAddMem[1] ;
; N/A                                     ; None                                                ; 3.484 ns   ; in_pc[4]         ; out[4]$latch  ; srcAddMem[2] ;
; N/A                                     ; None                                                ; 3.481 ns   ; srcAddMem[2]     ; out[28]$latch ; srcAddMem[1] ;
; N/A                                     ; None                                                ; 3.473 ns   ; srcAddMem[0]     ; out[29]$latch ; srcAddMem[1] ;
; N/A                                     ; None                                                ; 3.473 ns   ; in_causeDiv0[3]  ; out[3]$latch  ; srcAddMem[1] ;
; N/A                                     ; None                                                ; 3.471 ns   ; in_causeDiv0[12] ; out[12]$latch ; srcAddMem[1] ;
; N/A                                     ; None                                                ; 3.469 ns   ; srcAddMem[2]     ; out[6]$latch  ; srcAddMem[0] ;
; N/A                                     ; None                                                ; 3.465 ns   ; srcAddMem[2]     ; out[14]$latch ; srcAddMem[0] ;
; N/A                                     ; None                                                ; 3.464 ns   ; in_pc[11]        ; out[11]$latch ; srcAddMem[2] ;
; N/A                                     ; None                                                ; 3.460 ns   ; srcAddMem[2]     ; out[29]$latch ; srcAddMem[2] ;
; N/A                                     ; None                                                ; 3.459 ns   ; srcAddMem[2]     ; out[5]$latch  ; srcAddMem[1] ;
; N/A                                     ; None                                                ; 3.458 ns   ; in_pc[27]        ; out[27]$latch ; srcAddMem[0] ;
; N/A                                     ; None                                                ; 3.456 ns   ; in_causeDiv0[25] ; out[25]$latch ; srcAddMem[0] ;
; N/A                                     ; None                                                ; 3.454 ns   ; srcAddMem[2]     ; out[18]$latch ; srcAddMem[0] ;
; N/A                                     ; None                                                ; 3.451 ns   ; in_pc[28]        ; out[28]$latch ; srcAddMem[2] ;
; N/A                                     ; None                                                ; 3.446 ns   ; in_causeDiv0[21] ; out[21]$latch ; srcAddMem[2] ;
; N/A                                     ; None                                                ; 3.443 ns   ; in_causeDiv0[4]  ; out[4]$latch  ; srcAddMem[0] ;
; N/A                                     ; None                                                ; 3.439 ns   ; in_pc[31]        ; out[31]$latch ; srcAddMem[1] ;
; N/A                                     ; None                                                ; 3.436 ns   ; srcAddMem[2]     ; out[28]$latch ; srcAddMem[0] ;
; N/A                                     ; None                                                ; 3.428 ns   ; srcAddMem[0]     ; out[29]$latch ; srcAddMem[0] ;
; N/A                                     ; None                                                ; 3.428 ns   ; in_causeDiv0[3]  ; out[3]$latch  ; srcAddMem[0] ;
; N/A                                     ; None                                                ; 3.426 ns   ; in_causeDiv0[12] ; out[12]$latch ; srcAddMem[0] ;
; N/A                                     ; None                                                ; 3.426 ns   ; in_aluOut[6]     ; out[6]$latch  ; srcAddMem[2] ;
; N/A                                     ; None                                                ; 3.425 ns   ; srcAddMem[2]     ; out[19]$latch ; srcAddMem[2] ;
; N/A                                     ; None                                                ; 3.424 ns   ; srcAddMem[2]     ; out[30]$latch ; srcAddMem[2] ;
; N/A                                     ; None                                                ; 3.421 ns   ; in_causeDiv0[9]  ; out[9]$latch  ; srcAddMem[1] ;
; N/A                                     ; None                                                ; 3.414 ns   ; srcAddMem[2]     ; out[5]$latch  ; srcAddMem[0] ;
; N/A                                     ; None                                                ; 3.413 ns   ; srcAddMem[2]     ; out[4]$latch  ; srcAddMem[2] ;
; N/A                                     ; None                                                ; 3.406 ns   ; srcAddMem[2]     ; out[16]$latch ; srcAddMem[2] ;
; N/A                                     ; None                                                ; 3.395 ns   ; in_causeDiv0[6]  ; out[6]$latch  ; srcAddMem[2] ;
; N/A                                     ; None                                                ; 3.394 ns   ; in_pc[31]        ; out[31]$latch ; srcAddMem[0] ;
; N/A                                     ; None                                                ; 3.386 ns   ; in_pc[3]         ; out[3]$latch  ; srcAddMem[1] ;
; N/A                                     ; None                                                ; 3.385 ns   ; in_pc[9]         ; out[9]$latch  ; srcAddMem[1] ;
; N/A                                     ; None                                                ; 3.382 ns   ; srcAddMem[2]     ; out[7]$latch  ; srcAddMem[1] ;
; N/A                                     ; None                                                ; 3.377 ns   ; in_causeOvfl[7]  ; out[7]$latch  ; srcAddMem[2] ;
; N/A                                     ; None                                                ; 3.376 ns   ; in_causeDiv0[9]  ; out[9]$latch  ; srcAddMem[0] ;
; N/A                                     ; None                                                ; 3.374 ns   ; in_causeNoOp[24] ; out[24]$latch ; srcAddMem[1] ;
; N/A                                     ; None                                                ; 3.370 ns   ; in_pc[4]         ; out[4]$latch  ; srcAddMem[1] ;
; N/A                                     ; None                                                ; 3.361 ns   ; in_causeDiv0[18] ; out[18]$latch ; srcAddMem[2] ;
; N/A                                     ; None                                                ; 3.359 ns   ; srcAddMem[2]     ; out[10]$latch ; srcAddMem[2] ;
; N/A                                     ; None                                                ; 3.351 ns   ; in_causeDiv0[16] ; out[16]$latch ; srcAddMem[2] ;
; N/A                                     ; None                                                ; 3.350 ns   ; in_pc[11]        ; out[11]$latch ; srcAddMem[1] ;
; N/A                                     ; None                                                ; 3.346 ns   ; srcAddMem[2]     ; out[29]$latch ; srcAddMem[1] ;
; N/A                                     ; None                                                ; 3.341 ns   ; in_pc[3]         ; out[3]$latch  ; srcAddMem[0] ;
; N/A                                     ; None                                                ; 3.340 ns   ; in_pc[9]         ; out[9]$latch  ; srcAddMem[0] ;
; N/A                                     ; None                                                ; 3.337 ns   ; srcAddMem[2]     ; out[7]$latch  ; srcAddMem[0] ;
; N/A                                     ; None                                                ; 3.337 ns   ; in_pc[28]        ; out[28]$latch ; srcAddMem[1] ;
; N/A                                     ; None                                                ; 3.332 ns   ; in_causeDiv0[21] ; out[21]$latch ; srcAddMem[1] ;
; N/A                                     ; None                                                ; 3.329 ns   ; in_causeNoOp[24] ; out[24]$latch ; srcAddMem[0] ;
; N/A                                     ; None                                                ; 3.326 ns   ; in_pc[1]         ; out[1]$latch  ; srcAddMem[2] ;
; N/A                                     ; None                                                ; 3.325 ns   ; in_pc[4]         ; out[4]$latch  ; srcAddMem[0] ;
; N/A                                     ; None                                                ; 3.317 ns   ; in_causeNoOp[17] ; out[17]$latch ; srcAddMem[2] ;
; N/A                                     ; None                                                ; 3.312 ns   ; in_aluOut[6]     ; out[6]$latch  ; srcAddMem[1] ;
; N/A                                     ; None                                                ; 3.311 ns   ; srcAddMem[2]     ; out[19]$latch ; srcAddMem[1] ;
; N/A                                     ; None                                                ; 3.310 ns   ; srcAddMem[2]     ; out[30]$latch ; srcAddMem[1] ;
; N/A                                     ; None                                                ; 3.306 ns   ; in_pc[8]         ; out[8]$latch  ; srcAddMem[2] ;
; N/A                                     ; None                                                ; 3.305 ns   ; in_pc[11]        ; out[11]$latch ; srcAddMem[0] ;
; N/A                                     ; None                                                ; 3.304 ns   ; in_pc[18]        ; out[18]$latch ; srcAddMem[2] ;
; N/A                                     ; None                                                ; 3.301 ns   ; srcAddMem[0]     ; out[30]$latch ; srcAddMem[2] ;
; N/A                                     ; None                                                ; 3.301 ns   ; srcAddMem[2]     ; out[29]$latch ; srcAddMem[0] ;
; N/A                                     ; None                                                ; 3.299 ns   ; srcAddMem[2]     ; out[4]$latch  ; srcAddMem[1] ;
; N/A                                     ; None                                                ; 3.292 ns   ; srcAddMem[2]     ; out[16]$latch ; srcAddMem[1] ;
; N/A                                     ; None                                                ; 3.292 ns   ; in_pc[28]        ; out[28]$latch ; srcAddMem[0] ;
; N/A                                     ; None                                                ; 3.287 ns   ; in_causeDiv0[21] ; out[21]$latch ; srcAddMem[0] ;
; N/A                                     ; None                                                ; 3.285 ns   ; in_causeDiv0[31] ; out[31]$latch ; srcAddMem[2] ;
; N/A                                     ; None                                                ; 3.281 ns   ; in_pc[12]        ; out[12]$latch ; srcAddMem[2] ;
; N/A                                     ; None                                                ; 3.281 ns   ; in_causeDiv0[6]  ; out[6]$latch  ; srcAddMem[1] ;
; N/A                                     ; None                                                ; 3.272 ns   ; in_causeDiv0[14] ; out[14]$latch ; srcAddMem[2] ;
; N/A                                     ; None                                                ; 3.267 ns   ; in_aluOut[6]     ; out[6]$latch  ; srcAddMem[0] ;
; N/A                                     ; None                                                ; 3.266 ns   ; srcAddMem[2]     ; out[19]$latch ; srcAddMem[0] ;
; N/A                                     ; None                                                ; 3.265 ns   ; srcAddMem[2]     ; out[30]$latch ; srcAddMem[0] ;
; N/A                                     ; None                                                ; 3.263 ns   ; in_causeOvfl[7]  ; out[7]$latch  ; srcAddMem[1] ;
; N/A                                     ; None                                                ; 3.254 ns   ; srcAddMem[2]     ; out[4]$latch  ; srcAddMem[0] ;
; N/A                                     ; None                                                ; 3.253 ns   ; in_pc[20]        ; out[20]$latch ; srcAddMem[2] ;
; N/A                                     ; None                                                ; 3.249 ns   ; in_aluOut[16]    ; out[16]$latch ; srcAddMem[2] ;
; N/A                                     ; None                                                ; 3.247 ns   ; srcAddMem[2]     ; out[16]$latch ; srcAddMem[0] ;
; N/A                                     ; None                                                ; 3.247 ns   ; in_causeDiv0[18] ; out[18]$latch ; srcAddMem[1] ;
; N/A                                     ; None                                                ; 3.245 ns   ; srcAddMem[2]     ; out[10]$latch ; srcAddMem[1] ;
; N/A                                     ; None                                                ; 3.245 ns   ; in_causeNoOp[10] ; out[10]$latch ; srcAddMem[2] ;
; N/A                                     ; None                                                ; 3.237 ns   ; in_causeDiv0[16] ; out[16]$latch ; srcAddMem[1] ;
; N/A                                     ; None                                                ; 3.236 ns   ; in_causeDiv0[6]  ; out[6]$latch  ; srcAddMem[0] ;
; N/A                                     ; None                                                ; 3.234 ns   ; in_causeDiv0[11] ; out[11]$latch ; srcAddMem[2] ;
; N/A                                     ; None                                                ; 3.218 ns   ; in_causeOvfl[7]  ; out[7]$latch  ; srcAddMem[0] ;
; N/A                                     ; None                                                ; 3.216 ns   ; in_causeNoOp[1]  ; out[1]$latch  ; srcAddMem[2] ;
; N/A                                     ; None                                                ; 3.214 ns   ; srcAddMem[1]     ; out[31]$latch ; srcAddMem[2] ;
; N/A                                     ; None                                                ; 3.212 ns   ; in_pc[1]         ; out[1]$latch  ; srcAddMem[1] ;
; N/A                                     ; None                                                ; 3.203 ns   ; in_causeNoOp[17] ; out[17]$latch ; srcAddMem[1] ;
; N/A                                     ; None                                                ; 3.202 ns   ; in_causeDiv0[18] ; out[18]$latch ; srcAddMem[0] ;
; N/A                                     ; None                                                ; 3.200 ns   ; srcAddMem[2]     ; out[10]$latch ; srcAddMem[0] ;
; N/A                                     ; None                                                ; 3.199 ns   ; srcAddMem[0]     ; out[20]$latch ; srcAddMem[2] ;
; N/A                                     ; None                                                ; 3.192 ns   ; in_causeDiv0[16] ; out[16]$latch ; srcAddMem[0] ;
; N/A                                     ; None                                                ; 3.192 ns   ; in_pc[8]         ; out[8]$latch  ; srcAddMem[1] ;
; N/A                                     ; None                                                ; 3.190 ns   ; in_pc[18]        ; out[18]$latch ; srcAddMem[1] ;
; N/A                                     ; None                                                ; 3.187 ns   ; srcAddMem[0]     ; out[30]$latch ; srcAddMem[1] ;
; N/A                                     ; None                                                ; 3.175 ns   ; srcAddMem[2]     ; out[8]$latch  ; srcAddMem[2] ;
; N/A                                     ; None                                                ; 3.171 ns   ; in_causeDiv0[31] ; out[31]$latch ; srcAddMem[1] ;
; N/A                                     ; None                                                ; 3.167 ns   ; in_pc[12]        ; out[12]$latch ; srcAddMem[1] ;
; N/A                                     ; None                                                ; 3.167 ns   ; in_pc[1]         ; out[1]$latch  ; srcAddMem[0] ;
; N/A                                     ; None                                                ; 3.158 ns   ; in_causeNoOp[17] ; out[17]$latch ; srcAddMem[0] ;
; N/A                                     ; None                                                ; 3.158 ns   ; in_causeDiv0[14] ; out[14]$latch ; srcAddMem[1] ;
; N/A                                     ; None                                                ; 3.156 ns   ; in_pc[29]        ; out[29]$latch ; srcAddMem[2] ;
; N/A                                     ; None                                                ; 3.149 ns   ; srcAddMem[2]     ; out[9]$latch  ; srcAddMem[2] ;
; N/A                                     ; None                                                ; 3.147 ns   ; srcAddMem[1]     ; out[21]$latch ; srcAddMem[2] ;
; N/A                                     ; None                                                ; 3.147 ns   ; srcAddMem[1]     ; out[22]$latch ; srcAddMem[2] ;
; N/A                                     ; None                                                ; 3.147 ns   ; in_causeNoOp[19] ; out[19]$latch ; srcAddMem[2] ;
; N/A                                     ; None                                                ; 3.147 ns   ; in_pc[8]         ; out[8]$latch  ; srcAddMem[0] ;
; N/A                                     ; None                                                ; 3.145 ns   ; in_pc[18]        ; out[18]$latch ; srcAddMem[0] ;
; N/A                                     ; None                                                ; 3.142 ns   ; srcAddMem[0]     ; out[30]$latch ; srcAddMem[0] ;
; N/A                                     ; None                                                ; 3.139 ns   ; in_pc[20]        ; out[20]$latch ; srcAddMem[1] ;
; N/A                                     ; None                                                ; 3.136 ns   ; srcAddMem[0]     ; out[22]$latch ; srcAddMem[2] ;
; N/A                                     ; None                                                ; 3.136 ns   ; in_causeDiv0[24] ; out[24]$latch ; srcAddMem[2] ;
; N/A                                     ; None                                                ; 3.135 ns   ; in_aluOut[16]    ; out[16]$latch ; srcAddMem[1] ;
; N/A                                     ; None                                                ; 3.131 ns   ; in_causeDiv0[13] ; out[13]$latch ; srcAddMem[2] ;
; N/A                                     ; None                                                ; 3.131 ns   ; in_causeNoOp[10] ; out[10]$latch ; srcAddMem[1] ;
; N/A                                     ; None                                                ; 3.129 ns   ; srcAddMem[0]     ; out[12]$latch ; srcAddMem[2] ;
; Timing analysis restricted to 200 rows. ; To change the limit use Settings (Assignments menu) ;            ;                  ;               ;              ;
+-----------------------------------------+-----------------------------------------------------+------------+------------------+---------------+--------------+


+----------------------------------------------------------------------------+
; tco                                                                        ;
+-------+--------------+------------+---------------+---------+--------------+
; Slack ; Required tco ; Actual tco ; From          ; To      ; From Clock   ;
+-------+--------------+------------+---------------+---------+--------------+
; N/A   ; None         ; 8.678 ns   ; out[7]$latch  ; out[7]  ; srcAddMem[0] ;
; N/A   ; None         ; 8.633 ns   ; out[7]$latch  ; out[7]  ; srcAddMem[1] ;
; N/A   ; None         ; 8.631 ns   ; out[11]$latch ; out[11] ; srcAddMem[0] ;
; N/A   ; None         ; 8.586 ns   ; out[11]$latch ; out[11] ; srcAddMem[1] ;
; N/A   ; None         ; 8.519 ns   ; out[7]$latch  ; out[7]  ; srcAddMem[2] ;
; N/A   ; None         ; 8.472 ns   ; out[11]$latch ; out[11] ; srcAddMem[2] ;
; N/A   ; None         ; 8.360 ns   ; out[27]$latch ; out[27] ; srcAddMem[0] ;
; N/A   ; None         ; 8.335 ns   ; out[0]$latch  ; out[0]  ; srcAddMem[0] ;
; N/A   ; None         ; 8.315 ns   ; out[27]$latch ; out[27] ; srcAddMem[1] ;
; N/A   ; None         ; 8.290 ns   ; out[0]$latch  ; out[0]  ; srcAddMem[1] ;
; N/A   ; None         ; 8.250 ns   ; out[13]$latch ; out[13] ; srcAddMem[0] ;
; N/A   ; None         ; 8.205 ns   ; out[13]$latch ; out[13] ; srcAddMem[1] ;
; N/A   ; None         ; 8.201 ns   ; out[27]$latch ; out[27] ; srcAddMem[2] ;
; N/A   ; None         ; 8.176 ns   ; out[0]$latch  ; out[0]  ; srcAddMem[2] ;
; N/A   ; None         ; 8.155 ns   ; out[16]$latch ; out[16] ; srcAddMem[0] ;
; N/A   ; None         ; 8.110 ns   ; out[16]$latch ; out[16] ; srcAddMem[1] ;
; N/A   ; None         ; 8.091 ns   ; out[13]$latch ; out[13] ; srcAddMem[2] ;
; N/A   ; None         ; 8.069 ns   ; out[14]$latch ; out[14] ; srcAddMem[0] ;
; N/A   ; None         ; 8.039 ns   ; out[25]$latch ; out[25] ; srcAddMem[0] ;
; N/A   ; None         ; 8.024 ns   ; out[14]$latch ; out[14] ; srcAddMem[1] ;
; N/A   ; None         ; 7.996 ns   ; out[16]$latch ; out[16] ; srcAddMem[2] ;
; N/A   ; None         ; 7.994 ns   ; out[25]$latch ; out[25] ; srcAddMem[1] ;
; N/A   ; None         ; 7.910 ns   ; out[14]$latch ; out[14] ; srcAddMem[2] ;
; N/A   ; None         ; 7.880 ns   ; out[25]$latch ; out[25] ; srcAddMem[2] ;
; N/A   ; None         ; 7.614 ns   ; out[21]$latch ; out[21] ; srcAddMem[0] ;
; N/A   ; None         ; 7.569 ns   ; out[21]$latch ; out[21] ; srcAddMem[1] ;
; N/A   ; None         ; 7.566 ns   ; out[15]$latch ; out[15] ; srcAddMem[0] ;
; N/A   ; None         ; 7.537 ns   ; out[18]$latch ; out[18] ; srcAddMem[0] ;
; N/A   ; None         ; 7.521 ns   ; out[15]$latch ; out[15] ; srcAddMem[1] ;
; N/A   ; None         ; 7.521 ns   ; out[2]$latch  ; out[2]  ; srcAddMem[0] ;
; N/A   ; None         ; 7.492 ns   ; out[18]$latch ; out[18] ; srcAddMem[1] ;
; N/A   ; None         ; 7.476 ns   ; out[2]$latch  ; out[2]  ; srcAddMem[1] ;
; N/A   ; None         ; 7.455 ns   ; out[21]$latch ; out[21] ; srcAddMem[2] ;
; N/A   ; None         ; 7.452 ns   ; out[8]$latch  ; out[8]  ; srcAddMem[0] ;
; N/A   ; None         ; 7.447 ns   ; out[1]$latch  ; out[1]  ; srcAddMem[0] ;
; N/A   ; None         ; 7.407 ns   ; out[15]$latch ; out[15] ; srcAddMem[2] ;
; N/A   ; None         ; 7.407 ns   ; out[8]$latch  ; out[8]  ; srcAddMem[1] ;
; N/A   ; None         ; 7.402 ns   ; out[1]$latch  ; out[1]  ; srcAddMem[1] ;
; N/A   ; None         ; 7.378 ns   ; out[18]$latch ; out[18] ; srcAddMem[2] ;
; N/A   ; None         ; 7.374 ns   ; out[31]$latch ; out[31] ; srcAddMem[0] ;
; N/A   ; None         ; 7.362 ns   ; out[2]$latch  ; out[2]  ; srcAddMem[2] ;
; N/A   ; None         ; 7.329 ns   ; out[31]$latch ; out[31] ; srcAddMem[1] ;
; N/A   ; None         ; 7.325 ns   ; out[12]$latch ; out[12] ; srcAddMem[0] ;
; N/A   ; None         ; 7.316 ns   ; out[17]$latch ; out[17] ; srcAddMem[0] ;
; N/A   ; None         ; 7.293 ns   ; out[8]$latch  ; out[8]  ; srcAddMem[2] ;
; N/A   ; None         ; 7.288 ns   ; out[1]$latch  ; out[1]  ; srcAddMem[2] ;
; N/A   ; None         ; 7.280 ns   ; out[12]$latch ; out[12] ; srcAddMem[1] ;
; N/A   ; None         ; 7.271 ns   ; out[17]$latch ; out[17] ; srcAddMem[1] ;
; N/A   ; None         ; 7.225 ns   ; out[9]$latch  ; out[9]  ; srcAddMem[0] ;
; N/A   ; None         ; 7.215 ns   ; out[31]$latch ; out[31] ; srcAddMem[2] ;
; N/A   ; None         ; 7.180 ns   ; out[9]$latch  ; out[9]  ; srcAddMem[1] ;
; N/A   ; None         ; 7.166 ns   ; out[12]$latch ; out[12] ; srcAddMem[2] ;
; N/A   ; None         ; 7.157 ns   ; out[17]$latch ; out[17] ; srcAddMem[2] ;
; N/A   ; None         ; 7.066 ns   ; out[9]$latch  ; out[9]  ; srcAddMem[2] ;
; N/A   ; None         ; 7.058 ns   ; out[24]$latch ; out[24] ; srcAddMem[0] ;
; N/A   ; None         ; 7.058 ns   ; out[10]$latch ; out[10] ; srcAddMem[0] ;
; N/A   ; None         ; 7.013 ns   ; out[24]$latch ; out[24] ; srcAddMem[1] ;
; N/A   ; None         ; 7.013 ns   ; out[10]$latch ; out[10] ; srcAddMem[1] ;
; N/A   ; None         ; 6.989 ns   ; out[23]$latch ; out[23] ; srcAddMem[0] ;
; N/A   ; None         ; 6.955 ns   ; out[6]$latch  ; out[6]  ; srcAddMem[0] ;
; N/A   ; None         ; 6.944 ns   ; out[23]$latch ; out[23] ; srcAddMem[1] ;
; N/A   ; None         ; 6.933 ns   ; out[20]$latch ; out[20] ; srcAddMem[0] ;
; N/A   ; None         ; 6.910 ns   ; out[6]$latch  ; out[6]  ; srcAddMem[1] ;
; N/A   ; None         ; 6.904 ns   ; out[19]$latch ; out[19] ; srcAddMem[0] ;
; N/A   ; None         ; 6.899 ns   ; out[24]$latch ; out[24] ; srcAddMem[2] ;
; N/A   ; None         ; 6.899 ns   ; out[10]$latch ; out[10] ; srcAddMem[2] ;
; N/A   ; None         ; 6.888 ns   ; out[20]$latch ; out[20] ; srcAddMem[1] ;
; N/A   ; None         ; 6.859 ns   ; out[19]$latch ; out[19] ; srcAddMem[1] ;
; N/A   ; None         ; 6.830 ns   ; out[23]$latch ; out[23] ; srcAddMem[2] ;
; N/A   ; None         ; 6.796 ns   ; out[6]$latch  ; out[6]  ; srcAddMem[2] ;
; N/A   ; None         ; 6.774 ns   ; out[20]$latch ; out[20] ; srcAddMem[2] ;
; N/A   ; None         ; 6.745 ns   ; out[19]$latch ; out[19] ; srcAddMem[2] ;
; N/A   ; None         ; 6.742 ns   ; out[5]$latch  ; out[5]  ; srcAddMem[0] ;
; N/A   ; None         ; 6.725 ns   ; out[22]$latch ; out[22] ; srcAddMem[0] ;
; N/A   ; None         ; 6.715 ns   ; out[28]$latch ; out[28] ; srcAddMem[0] ;
; N/A   ; None         ; 6.697 ns   ; out[5]$latch  ; out[5]  ; srcAddMem[1] ;
; N/A   ; None         ; 6.680 ns   ; out[22]$latch ; out[22] ; srcAddMem[1] ;
; N/A   ; None         ; 6.670 ns   ; out[28]$latch ; out[28] ; srcAddMem[1] ;
; N/A   ; None         ; 6.633 ns   ; out[3]$latch  ; out[3]  ; srcAddMem[0] ;
; N/A   ; None         ; 6.588 ns   ; out[3]$latch  ; out[3]  ; srcAddMem[1] ;
; N/A   ; None         ; 6.583 ns   ; out[5]$latch  ; out[5]  ; srcAddMem[2] ;
; N/A   ; None         ; 6.566 ns   ; out[22]$latch ; out[22] ; srcAddMem[2] ;
; N/A   ; None         ; 6.556 ns   ; out[28]$latch ; out[28] ; srcAddMem[2] ;
; N/A   ; None         ; 6.474 ns   ; out[3]$latch  ; out[3]  ; srcAddMem[2] ;
; N/A   ; None         ; 6.408 ns   ; out[30]$latch ; out[30] ; srcAddMem[0] ;
; N/A   ; None         ; 6.406 ns   ; out[26]$latch ; out[26] ; srcAddMem[0] ;
; N/A   ; None         ; 6.401 ns   ; out[29]$latch ; out[29] ; srcAddMem[0] ;
; N/A   ; None         ; 6.363 ns   ; out[30]$latch ; out[30] ; srcAddMem[1] ;
; N/A   ; None         ; 6.361 ns   ; out[26]$latch ; out[26] ; srcAddMem[1] ;
; N/A   ; None         ; 6.356 ns   ; out[29]$latch ; out[29] ; srcAddMem[1] ;
; N/A   ; None         ; 6.269 ns   ; out[4]$latch  ; out[4]  ; srcAddMem[0] ;
; N/A   ; None         ; 6.249 ns   ; out[30]$latch ; out[30] ; srcAddMem[2] ;
; N/A   ; None         ; 6.247 ns   ; out[26]$latch ; out[26] ; srcAddMem[2] ;
; N/A   ; None         ; 6.242 ns   ; out[29]$latch ; out[29] ; srcAddMem[2] ;
; N/A   ; None         ; 6.224 ns   ; out[4]$latch  ; out[4]  ; srcAddMem[1] ;
; N/A   ; None         ; 6.110 ns   ; out[4]$latch  ; out[4]  ; srcAddMem[2] ;
+-------+--------------+------------+---------------+---------+--------------+


+-------------------------------------------------------------------------------------------------------------------------------------------------------------+
; th                                                                                                                                                          ;
+-----------------------------------------+-----------------------------------------------------+-----------+------------------+---------------+--------------+
; Minimum Slack                           ; Required th                                         ; Actual th ; From             ; To            ; To Clock     ;
+-----------------------------------------+-----------------------------------------------------+-----------+------------------+---------------+--------------+
; N/A                                     ; None                                                ; -1.173 ns ; in_causeNoOp[30] ; out[30]$latch ; srcAddMem[0] ;
; N/A                                     ; None                                                ; -1.176 ns ; in_causeOvfl[17] ; out[17]$latch ; srcAddMem[0] ;
; N/A                                     ; None                                                ; -1.190 ns ; srcAddMem[0]     ; out[0]$latch  ; srcAddMem[0] ;
; N/A                                     ; None                                                ; -1.198 ns ; in_aluOut[10]    ; out[10]$latch ; srcAddMem[0] ;
; N/A                                     ; None                                                ; -1.218 ns ; in_causeNoOp[30] ; out[30]$latch ; srcAddMem[1] ;
; N/A                                     ; None                                                ; -1.221 ns ; in_causeOvfl[17] ; out[17]$latch ; srcAddMem[1] ;
; N/A                                     ; None                                                ; -1.229 ns ; in_causeNoOp[26] ; out[26]$latch ; srcAddMem[0] ;
; N/A                                     ; None                                                ; -1.235 ns ; srcAddMem[0]     ; out[0]$latch  ; srcAddMem[1] ;
; N/A                                     ; None                                                ; -1.243 ns ; in_aluOut[10]    ; out[10]$latch ; srcAddMem[1] ;
; N/A                                     ; None                                                ; -1.274 ns ; in_causeNoOp[26] ; out[26]$latch ; srcAddMem[1] ;
; N/A                                     ; None                                                ; -1.297 ns ; srcAddMem[1]     ; out[26]$latch ; srcAddMem[0] ;
; N/A                                     ; None                                                ; -1.306 ns ; srcAddMem[0]     ; out[3]$latch  ; srcAddMem[0] ;
; N/A                                     ; None                                                ; -1.307 ns ; srcAddMem[0]     ; out[2]$latch  ; srcAddMem[0] ;
; N/A                                     ; None                                                ; -1.325 ns ; in_aluOut[4]     ; out[4]$latch  ; srcAddMem[0] ;
; N/A                                     ; None                                                ; -1.327 ns ; in_causeOvfl[8]  ; out[8]$latch  ; srcAddMem[0] ;
; N/A                                     ; None                                                ; -1.332 ns ; in_causeNoOp[30] ; out[30]$latch ; srcAddMem[2] ;
; N/A                                     ; None                                                ; -1.335 ns ; in_causeOvfl[17] ; out[17]$latch ; srcAddMem[2] ;
; N/A                                     ; None                                                ; -1.336 ns ; in_causeOvfl[11] ; out[11]$latch ; srcAddMem[0] ;
; N/A                                     ; None                                                ; -1.342 ns ; srcAddMem[1]     ; out[26]$latch ; srcAddMem[1] ;
; N/A                                     ; None                                                ; -1.343 ns ; in_causeNoOp[11] ; out[11]$latch ; srcAddMem[0] ;
; N/A                                     ; None                                                ; -1.349 ns ; srcAddMem[0]     ; out[0]$latch  ; srcAddMem[2] ;
; N/A                                     ; None                                                ; -1.351 ns ; srcAddMem[0]     ; out[3]$latch  ; srcAddMem[1] ;
; N/A                                     ; None                                                ; -1.352 ns ; srcAddMem[0]     ; out[2]$latch  ; srcAddMem[1] ;
; N/A                                     ; None                                                ; -1.357 ns ; in_aluOut[10]    ; out[10]$latch ; srcAddMem[2] ;
; N/A                                     ; None                                                ; -1.363 ns ; srcAddMem[2]     ; out[2]$latch  ; srcAddMem[0] ;
; N/A                                     ; None                                                ; -1.370 ns ; in_causeOvfl[19] ; out[19]$latch ; srcAddMem[0] ;
; N/A                                     ; None                                                ; -1.370 ns ; in_aluOut[4]     ; out[4]$latch  ; srcAddMem[1] ;
; N/A                                     ; None                                                ; -1.372 ns ; in_causeOvfl[8]  ; out[8]$latch  ; srcAddMem[1] ;
; N/A                                     ; None                                                ; -1.378 ns ; srcAddMem[0]     ; out[10]$latch ; srcAddMem[0] ;
; N/A                                     ; None                                                ; -1.381 ns ; in_causeOvfl[11] ; out[11]$latch ; srcAddMem[1] ;
; N/A                                     ; None                                                ; -1.386 ns ; in_causeNoOp[5]  ; out[5]$latch  ; srcAddMem[0] ;
; N/A                                     ; None                                                ; -1.388 ns ; in_causeNoOp[26] ; out[26]$latch ; srcAddMem[2] ;
; N/A                                     ; None                                                ; -1.388 ns ; in_causeNoOp[11] ; out[11]$latch ; srcAddMem[1] ;
; N/A                                     ; None                                                ; -1.402 ns ; srcAddMem[1]     ; out[3]$latch  ; srcAddMem[0] ;
; N/A                                     ; None                                                ; -1.408 ns ; srcAddMem[2]     ; out[2]$latch  ; srcAddMem[1] ;
; N/A                                     ; None                                                ; -1.415 ns ; in_causeOvfl[19] ; out[19]$latch ; srcAddMem[1] ;
; N/A                                     ; None                                                ; -1.418 ns ; in_causeOvfl[2]  ; out[2]$latch  ; srcAddMem[0] ;
; N/A                                     ; None                                                ; -1.423 ns ; srcAddMem[0]     ; out[10]$latch ; srcAddMem[1] ;
; N/A                                     ; None                                                ; -1.431 ns ; in_causeNoOp[5]  ; out[5]$latch  ; srcAddMem[1] ;
; N/A                                     ; None                                                ; -1.439 ns ; in_causeOvfl[9]  ; out[9]$latch  ; srcAddMem[0] ;
; N/A                                     ; None                                                ; -1.447 ns ; srcAddMem[1]     ; out[3]$latch  ; srcAddMem[1] ;
; N/A                                     ; None                                                ; -1.456 ns ; srcAddMem[1]     ; out[26]$latch ; srcAddMem[2] ;
; N/A                                     ; None                                                ; -1.456 ns ; in_causeNoOp[2]  ; out[2]$latch  ; srcAddMem[0] ;
; N/A                                     ; None                                                ; -1.462 ns ; in_aluOut[19]    ; out[19]$latch ; srcAddMem[0] ;
; N/A                                     ; None                                                ; -1.463 ns ; in_causeOvfl[2]  ; out[2]$latch  ; srcAddMem[1] ;
; N/A                                     ; None                                                ; -1.465 ns ; srcAddMem[0]     ; out[3]$latch  ; srcAddMem[2] ;
; N/A                                     ; None                                                ; -1.466 ns ; srcAddMem[0]     ; out[2]$latch  ; srcAddMem[2] ;
; N/A                                     ; None                                                ; -1.471 ns ; in_aluOut[2]     ; out[2]$latch  ; srcAddMem[0] ;
; N/A                                     ; None                                                ; -1.474 ns ; in_aluOut[5]     ; out[5]$latch  ; srcAddMem[0] ;
; N/A                                     ; None                                                ; -1.477 ns ; in_aluOut[18]    ; out[18]$latch ; srcAddMem[0] ;
; N/A                                     ; None                                                ; -1.479 ns ; srcAddMem[0]     ; out[1]$latch  ; srcAddMem[0] ;
; N/A                                     ; None                                                ; -1.484 ns ; in_causeOvfl[9]  ; out[9]$latch  ; srcAddMem[1] ;
; N/A                                     ; None                                                ; -1.484 ns ; in_aluOut[4]     ; out[4]$latch  ; srcAddMem[2] ;
; N/A                                     ; None                                                ; -1.486 ns ; in_causeOvfl[8]  ; out[8]$latch  ; srcAddMem[2] ;
; N/A                                     ; None                                                ; -1.495 ns ; in_causeOvfl[11] ; out[11]$latch ; srcAddMem[2] ;
; N/A                                     ; None                                                ; -1.501 ns ; in_causeNoOp[2]  ; out[2]$latch  ; srcAddMem[1] ;
; N/A                                     ; None                                                ; -1.502 ns ; in_causeNoOp[11] ; out[11]$latch ; srcAddMem[2] ;
; N/A                                     ; None                                                ; -1.503 ns ; srcAddMem[0]     ; out[11]$latch ; srcAddMem[0] ;
; N/A                                     ; None                                                ; -1.504 ns ; srcAddMem[1]     ; out[2]$latch  ; srcAddMem[0] ;
; N/A                                     ; None                                                ; -1.507 ns ; in_aluOut[19]    ; out[19]$latch ; srcAddMem[1] ;
; N/A                                     ; None                                                ; -1.509 ns ; in_aluOut[29]    ; out[29]$latch ; srcAddMem[0] ;
; N/A                                     ; None                                                ; -1.512 ns ; in_causeNoOp[28] ; out[28]$latch ; srcAddMem[0] ;
; N/A                                     ; None                                                ; -1.516 ns ; in_aluOut[2]     ; out[2]$latch  ; srcAddMem[1] ;
; N/A                                     ; None                                                ; -1.519 ns ; in_aluOut[5]     ; out[5]$latch  ; srcAddMem[1] ;
; N/A                                     ; None                                                ; -1.522 ns ; srcAddMem[2]     ; out[2]$latch  ; srcAddMem[2] ;
; N/A                                     ; None                                                ; -1.522 ns ; in_aluOut[18]    ; out[18]$latch ; srcAddMem[1] ;
; N/A                                     ; None                                                ; -1.524 ns ; srcAddMem[0]     ; out[1]$latch  ; srcAddMem[1] ;
; N/A                                     ; None                                                ; -1.524 ns ; srcAddMem[2]     ; out[1]$latch  ; srcAddMem[0] ;
; N/A                                     ; None                                                ; -1.529 ns ; in_causeOvfl[19] ; out[19]$latch ; srcAddMem[2] ;
; N/A                                     ; None                                                ; -1.529 ns ; in_causeOvfl[18] ; out[18]$latch ; srcAddMem[0] ;
; N/A                                     ; None                                                ; -1.536 ns ; srcAddMem[0]     ; out[9]$latch  ; srcAddMem[0] ;
; N/A                                     ; None                                                ; -1.537 ns ; srcAddMem[0]     ; out[10]$latch ; srcAddMem[2] ;
; N/A                                     ; None                                                ; -1.537 ns ; in_causeOvfl[23] ; out[23]$latch ; srcAddMem[0] ;
; N/A                                     ; None                                                ; -1.545 ns ; in_causeNoOp[5]  ; out[5]$latch  ; srcAddMem[2] ;
; N/A                                     ; None                                                ; -1.548 ns ; srcAddMem[0]     ; out[11]$latch ; srcAddMem[1] ;
; N/A                                     ; None                                                ; -1.549 ns ; srcAddMem[1]     ; out[2]$latch  ; srcAddMem[1] ;
; N/A                                     ; None                                                ; -1.554 ns ; in_aluOut[29]    ; out[29]$latch ; srcAddMem[1] ;
; N/A                                     ; None                                                ; -1.557 ns ; in_causeNoOp[28] ; out[28]$latch ; srcAddMem[1] ;
; N/A                                     ; None                                                ; -1.561 ns ; srcAddMem[1]     ; out[3]$latch  ; srcAddMem[2] ;
; N/A                                     ; None                                                ; -1.565 ns ; in_causeOvfl[5]  ; out[5]$latch  ; srcAddMem[0] ;
; N/A                                     ; None                                                ; -1.567 ns ; srcAddMem[1]     ; out[0]$latch  ; srcAddMem[0] ;
; N/A                                     ; None                                                ; -1.569 ns ; srcAddMem[2]     ; out[1]$latch  ; srcAddMem[1] ;
; N/A                                     ; None                                                ; -1.570 ns ; in_aluOut[1]     ; out[1]$latch  ; srcAddMem[0] ;
; N/A                                     ; None                                                ; -1.574 ns ; in_causeOvfl[18] ; out[18]$latch ; srcAddMem[1] ;
; N/A                                     ; None                                                ; -1.577 ns ; in_causeOvfl[2]  ; out[2]$latch  ; srcAddMem[2] ;
; N/A                                     ; None                                                ; -1.581 ns ; srcAddMem[0]     ; out[9]$latch  ; srcAddMem[1] ;
; N/A                                     ; None                                                ; -1.582 ns ; in_causeOvfl[23] ; out[23]$latch ; srcAddMem[1] ;
; N/A                                     ; None                                                ; -1.584 ns ; srcAddMem[0]     ; out[24]$latch ; srcAddMem[0] ;
; N/A                                     ; None                                                ; -1.586 ns ; in_causeOvfl[6]  ; out[6]$latch  ; srcAddMem[0] ;
; N/A                                     ; None                                                ; -1.590 ns ; in_causeOvfl[16] ; out[16]$latch ; srcAddMem[0] ;
; N/A                                     ; None                                                ; -1.598 ns ; in_causeOvfl[9]  ; out[9]$latch  ; srcAddMem[2] ;
; N/A                                     ; None                                                ; -1.603 ns ; in_causeNoOp[9]  ; out[9]$latch  ; srcAddMem[0] ;
; N/A                                     ; None                                                ; -1.604 ns ; in_causeOvfl[24] ; out[24]$latch ; srcAddMem[0] ;
; N/A                                     ; None                                                ; -1.610 ns ; in_causeOvfl[5]  ; out[5]$latch  ; srcAddMem[1] ;
; N/A                                     ; None                                                ; -1.612 ns ; srcAddMem[1]     ; out[0]$latch  ; srcAddMem[1] ;
; N/A                                     ; None                                                ; -1.615 ns ; in_causeNoOp[2]  ; out[2]$latch  ; srcAddMem[2] ;
; N/A                                     ; None                                                ; -1.615 ns ; in_aluOut[1]     ; out[1]$latch  ; srcAddMem[1] ;
; N/A                                     ; None                                                ; -1.619 ns ; srcAddMem[0]     ; out[25]$latch ; srcAddMem[0] ;
; N/A                                     ; None                                                ; -1.621 ns ; in_aluOut[19]    ; out[19]$latch ; srcAddMem[2] ;
; N/A                                     ; None                                                ; -1.628 ns ; in_causeDiv0[2]  ; out[2]$latch  ; srcAddMem[0] ;
; N/A                                     ; None                                                ; -1.629 ns ; srcAddMem[0]     ; out[24]$latch ; srcAddMem[1] ;
; N/A                                     ; None                                                ; -1.630 ns ; in_causeNoOp[14] ; out[14]$latch ; srcAddMem[0] ;
; N/A                                     ; None                                                ; -1.630 ns ; in_aluOut[2]     ; out[2]$latch  ; srcAddMem[2] ;
; N/A                                     ; None                                                ; -1.631 ns ; in_causeOvfl[6]  ; out[6]$latch  ; srcAddMem[1] ;
; N/A                                     ; None                                                ; -1.633 ns ; in_aluOut[5]     ; out[5]$latch  ; srcAddMem[2] ;
; N/A                                     ; None                                                ; -1.635 ns ; in_causeOvfl[16] ; out[16]$latch ; srcAddMem[1] ;
; N/A                                     ; None                                                ; -1.636 ns ; in_aluOut[18]    ; out[18]$latch ; srcAddMem[2] ;
; N/A                                     ; None                                                ; -1.637 ns ; srcAddMem[0]     ; out[19]$latch ; srcAddMem[0] ;
; N/A                                     ; None                                                ; -1.638 ns ; srcAddMem[0]     ; out[1]$latch  ; srcAddMem[2] ;
; N/A                                     ; None                                                ; -1.648 ns ; srcAddMem[0]     ; out[8]$latch  ; srcAddMem[0] ;
; N/A                                     ; None                                                ; -1.648 ns ; in_causeNoOp[9]  ; out[9]$latch  ; srcAddMem[1] ;
; N/A                                     ; None                                                ; -1.649 ns ; in_causeOvfl[24] ; out[24]$latch ; srcAddMem[1] ;
; N/A                                     ; None                                                ; -1.658 ns ; srcAddMem[2]     ; out[0]$latch  ; srcAddMem[0] ;
; N/A                                     ; None                                                ; -1.662 ns ; srcAddMem[0]     ; out[11]$latch ; srcAddMem[2] ;
; N/A                                     ; None                                                ; -1.663 ns ; srcAddMem[1]     ; out[2]$latch  ; srcAddMem[2] ;
; N/A                                     ; None                                                ; -1.664 ns ; srcAddMem[0]     ; out[25]$latch ; srcAddMem[1] ;
; N/A                                     ; None                                                ; -1.668 ns ; in_aluOut[29]    ; out[29]$latch ; srcAddMem[2] ;
; N/A                                     ; None                                                ; -1.671 ns ; in_causeNoOp[28] ; out[28]$latch ; srcAddMem[2] ;
; N/A                                     ; None                                                ; -1.672 ns ; in_causeOvfl[25] ; out[25]$latch ; srcAddMem[0] ;
; N/A                                     ; None                                                ; -1.673 ns ; in_causeDiv0[2]  ; out[2]$latch  ; srcAddMem[1] ;
; N/A                                     ; None                                                ; -1.674 ns ; srcAddMem[1]     ; out[1]$latch  ; srcAddMem[0] ;
; N/A                                     ; None                                                ; -1.675 ns ; in_causeNoOp[14] ; out[14]$latch ; srcAddMem[1] ;
; N/A                                     ; None                                                ; -1.677 ns ; in_aluOut[24]    ; out[24]$latch ; srcAddMem[0] ;
; N/A                                     ; None                                                ; -1.677 ns ; in_aluOut[22]    ; out[22]$latch ; srcAddMem[0] ;
; N/A                                     ; None                                                ; -1.682 ns ; srcAddMem[0]     ; out[19]$latch ; srcAddMem[1] ;
; N/A                                     ; None                                                ; -1.683 ns ; srcAddMem[2]     ; out[1]$latch  ; srcAddMem[2] ;
; N/A                                     ; None                                                ; -1.688 ns ; in_causeOvfl[18] ; out[18]$latch ; srcAddMem[2] ;
; N/A                                     ; None                                                ; -1.693 ns ; srcAddMem[0]     ; out[8]$latch  ; srcAddMem[1] ;
; N/A                                     ; None                                                ; -1.695 ns ; srcAddMem[0]     ; out[9]$latch  ; srcAddMem[2] ;
; N/A                                     ; None                                                ; -1.696 ns ; in_causeOvfl[23] ; out[23]$latch ; srcAddMem[2] ;
; N/A                                     ; None                                                ; -1.696 ns ; in_pc[17]        ; out[17]$latch ; srcAddMem[0] ;
; N/A                                     ; None                                                ; -1.703 ns ; srcAddMem[2]     ; out[0]$latch  ; srcAddMem[1] ;
; N/A                                     ; None                                                ; -1.709 ns ; in_causeOvfl[30] ; out[30]$latch ; srcAddMem[0] ;
; N/A                                     ; None                                                ; -1.710 ns ; srcAddMem[0]     ; out[26]$latch ; srcAddMem[0] ;
; N/A                                     ; None                                                ; -1.717 ns ; in_causeOvfl[25] ; out[25]$latch ; srcAddMem[1] ;
; N/A                                     ; None                                                ; -1.719 ns ; srcAddMem[1]     ; out[1]$latch  ; srcAddMem[1] ;
; N/A                                     ; None                                                ; -1.721 ns ; in_causeNoOp[0]  ; out[0]$latch  ; srcAddMem[0] ;
; N/A                                     ; None                                                ; -1.722 ns ; in_aluOut[24]    ; out[24]$latch ; srcAddMem[1] ;
; N/A                                     ; None                                                ; -1.722 ns ; in_aluOut[22]    ; out[22]$latch ; srcAddMem[1] ;
; N/A                                     ; None                                                ; -1.724 ns ; in_causeOvfl[5]  ; out[5]$latch  ; srcAddMem[2] ;
; N/A                                     ; None                                                ; -1.725 ns ; in_causeOvfl[10] ; out[10]$latch ; srcAddMem[0] ;
; N/A                                     ; None                                                ; -1.726 ns ; srcAddMem[1]     ; out[0]$latch  ; srcAddMem[2] ;
; N/A                                     ; None                                                ; -1.726 ns ; in_aluOut[30]    ; out[30]$latch ; srcAddMem[0] ;
; N/A                                     ; None                                                ; -1.729 ns ; in_aluOut[1]     ; out[1]$latch  ; srcAddMem[2] ;
; N/A                                     ; None                                                ; -1.730 ns ; in_causeOvfl[29] ; out[29]$latch ; srcAddMem[0] ;
; N/A                                     ; None                                                ; -1.737 ns ; srcAddMem[1]     ; out[19]$latch ; srcAddMem[0] ;
; N/A                                     ; None                                                ; -1.739 ns ; in_causeDiv0[7]  ; out[7]$latch  ; srcAddMem[0] ;
; N/A                                     ; None                                                ; -1.741 ns ; in_pc[17]        ; out[17]$latch ; srcAddMem[1] ;
; N/A                                     ; None                                                ; -1.743 ns ; srcAddMem[0]     ; out[24]$latch ; srcAddMem[2] ;
; N/A                                     ; None                                                ; -1.745 ns ; in_pc[15]        ; out[15]$latch ; srcAddMem[0] ;
; N/A                                     ; None                                                ; -1.745 ns ; in_causeOvfl[14] ; out[14]$latch ; srcAddMem[0] ;
; N/A                                     ; None                                                ; -1.745 ns ; in_causeOvfl[6]  ; out[6]$latch  ; srcAddMem[2] ;
; N/A                                     ; None                                                ; -1.746 ns ; in_aluOut[11]    ; out[11]$latch ; srcAddMem[0] ;
; N/A                                     ; None                                                ; -1.747 ns ; in_aluOut[15]    ; out[15]$latch ; srcAddMem[0] ;
; N/A                                     ; None                                                ; -1.749 ns ; in_causeOvfl[16] ; out[16]$latch ; srcAddMem[2] ;
; N/A                                     ; None                                                ; -1.751 ns ; in_causeOvfl[12] ; out[12]$latch ; srcAddMem[0] ;
; N/A                                     ; None                                                ; -1.752 ns ; in_causeOvfl[4]  ; out[4]$latch  ; srcAddMem[0] ;
; N/A                                     ; None                                                ; -1.754 ns ; in_causeOvfl[30] ; out[30]$latch ; srcAddMem[1] ;
; N/A                                     ; None                                                ; -1.755 ns ; srcAddMem[0]     ; out[26]$latch ; srcAddMem[1] ;
; N/A                                     ; None                                                ; -1.758 ns ; in_causeOvfl[15] ; out[15]$latch ; srcAddMem[0] ;
; N/A                                     ; None                                                ; -1.762 ns ; in_causeNoOp[9]  ; out[9]$latch  ; srcAddMem[2] ;
; N/A                                     ; None                                                ; -1.763 ns ; srcAddMem[1]     ; out[24]$latch ; srcAddMem[0] ;
; N/A                                     ; None                                                ; -1.763 ns ; in_causeOvfl[24] ; out[24]$latch ; srcAddMem[2] ;
; N/A                                     ; None                                                ; -1.766 ns ; in_causeOvfl[0]  ; out[0]$latch  ; srcAddMem[0] ;
; N/A                                     ; None                                                ; -1.766 ns ; in_causeNoOp[0]  ; out[0]$latch  ; srcAddMem[1] ;
; N/A                                     ; None                                                ; -1.770 ns ; in_causeOvfl[10] ; out[10]$latch ; srcAddMem[1] ;
; N/A                                     ; None                                                ; -1.771 ns ; in_aluOut[30]    ; out[30]$latch ; srcAddMem[1] ;
; N/A                                     ; None                                                ; -1.775 ns ; in_causeOvfl[29] ; out[29]$latch ; srcAddMem[1] ;
; N/A                                     ; None                                                ; -1.778 ns ; srcAddMem[0]     ; out[25]$latch ; srcAddMem[2] ;
; N/A                                     ; None                                                ; -1.780 ns ; in_causeNoOp[13] ; out[13]$latch ; srcAddMem[0] ;
; N/A                                     ; None                                                ; -1.780 ns ; in_causeNoOp[12] ; out[12]$latch ; srcAddMem[0] ;
; N/A                                     ; None                                                ; -1.782 ns ; srcAddMem[1]     ; out[19]$latch ; srcAddMem[1] ;
; N/A                                     ; None                                                ; -1.784 ns ; in_causeDiv0[7]  ; out[7]$latch  ; srcAddMem[1] ;
; N/A                                     ; None                                                ; -1.787 ns ; in_aluOut[12]    ; out[12]$latch ; srcAddMem[0] ;
; N/A                                     ; None                                                ; -1.787 ns ; in_causeDiv0[2]  ; out[2]$latch  ; srcAddMem[2] ;
; N/A                                     ; None                                                ; -1.789 ns ; in_causeNoOp[14] ; out[14]$latch ; srcAddMem[2] ;
; N/A                                     ; None                                                ; -1.790 ns ; srcAddMem[0]     ; out[17]$latch ; srcAddMem[0] ;
; N/A                                     ; None                                                ; -1.790 ns ; in_pc[15]        ; out[15]$latch ; srcAddMem[1] ;
; N/A                                     ; None                                                ; -1.790 ns ; in_causeOvfl[14] ; out[14]$latch ; srcAddMem[1] ;
; N/A                                     ; None                                                ; -1.791 ns ; in_aluOut[11]    ; out[11]$latch ; srcAddMem[1] ;
; N/A                                     ; None                                                ; -1.792 ns ; srcAddMem[0]     ; out[18]$latch ; srcAddMem[0] ;
; N/A                                     ; None                                                ; -1.792 ns ; in_aluOut[15]    ; out[15]$latch ; srcAddMem[1] ;
; N/A                                     ; None                                                ; -1.796 ns ; srcAddMem[0]     ; out[19]$latch ; srcAddMem[2] ;
; N/A                                     ; None                                                ; -1.796 ns ; in_causeOvfl[12] ; out[12]$latch ; srcAddMem[1] ;
; N/A                                     ; None                                                ; -1.797 ns ; in_causeOvfl[4]  ; out[4]$latch  ; srcAddMem[1] ;
; N/A                                     ; None                                                ; -1.803 ns ; in_causeOvfl[15] ; out[15]$latch ; srcAddMem[1] ;
; N/A                                     ; None                                                ; -1.804 ns ; srcAddMem[1]     ; out[25]$latch ; srcAddMem[0] ;
; N/A                                     ; None                                                ; -1.807 ns ; srcAddMem[0]     ; out[8]$latch  ; srcAddMem[2] ;
; N/A                                     ; None                                                ; -1.808 ns ; srcAddMem[1]     ; out[24]$latch ; srcAddMem[1] ;
; N/A                                     ; None                                                ; -1.811 ns ; in_causeOvfl[0]  ; out[0]$latch  ; srcAddMem[1] ;
; N/A                                     ; None                                                ; -1.816 ns ; in_causeOvfl[28] ; out[28]$latch ; srcAddMem[0] ;
; N/A                                     ; None                                                ; -1.817 ns ; srcAddMem[2]     ; out[0]$latch  ; srcAddMem[2] ;
; N/A                                     ; None                                                ; -1.819 ns ; in_aluOut[9]     ; out[9]$latch  ; srcAddMem[0] ;
; N/A                                     ; None                                                ; -1.819 ns ; in_causeOvfl[3]  ; out[3]$latch  ; srcAddMem[0] ;
; N/A                                     ; None                                                ; -1.825 ns ; in_causeNoOp[13] ; out[13]$latch ; srcAddMem[1] ;
; N/A                                     ; None                                                ; -1.825 ns ; in_causeNoOp[12] ; out[12]$latch ; srcAddMem[1] ;
; N/A                                     ; None                                                ; -1.831 ns ; in_causeOvfl[25] ; out[25]$latch ; srcAddMem[2] ;
; N/A                                     ; None                                                ; -1.832 ns ; in_aluOut[12]    ; out[12]$latch ; srcAddMem[1] ;
; N/A                                     ; None                                                ; -1.833 ns ; srcAddMem[1]     ; out[1]$latch  ; srcAddMem[2] ;
; N/A                                     ; None                                                ; -1.835 ns ; srcAddMem[0]     ; out[17]$latch ; srcAddMem[1] ;
; Timing analysis restricted to 200 rows. ; To change the limit use Settings (Assignments menu) ;           ;                  ;               ;              ;
+-----------------------------------------+-----------------------------------------------------+-----------+------------------+---------------+--------------+


+--------------------------+
; Timing Analyzer Messages ;
+--------------------------+
Info: *******************************************************************
Info: Running Quartus II 64-Bit Classic Timing Analyzer
    Info: Version 9.1 Build 350 03/24/2010 Service Pack 2 SJ Full Version
    Info: Processing started: Wed Oct 02 08:33:09 2019
Info: Command: quartus_tan --read_settings_files=off --write_settings_files=off ProjetoHardware -c ProjetoHardware --timing_analysis_only
Info: Parallel compilation is enabled and will use 4 of the 4 processors detected
Warning: Timing Analysis is analyzing one or more combinational loops as latches
    Warning: Node "out[0]$latch" is a latch
    Warning: Node "out[1]$latch" is a latch
    Warning: Node "out[2]$latch" is a latch
    Warning: Node "out[3]$latch" is a latch
    Warning: Node "out[4]$latch" is a latch
    Warning: Node "out[5]$latch" is a latch
    Warning: Node "out[6]$latch" is a latch
    Warning: Node "out[7]$latch" is a latch
    Warning: Node "out[8]$latch" is a latch
    Warning: Node "out[9]$latch" is a latch
    Warning: Node "out[10]$latch" is a latch
    Warning: Node "out[11]$latch" is a latch
    Warning: Node "out[12]$latch" is a latch
    Warning: Node "out[13]$latch" is a latch
    Warning: Node "out[14]$latch" is a latch
    Warning: Node "out[15]$latch" is a latch
    Warning: Node "out[16]$latch" is a latch
    Warning: Node "out[17]$latch" is a latch
    Warning: Node "out[18]$latch" is a latch
    Warning: Node "out[19]$latch" is a latch
    Warning: Node "out[20]$latch" is a latch
    Warning: Node "out[21]$latch" is a latch
    Warning: Node "out[22]$latch" is a latch
    Warning: Node "out[23]$latch" is a latch
    Warning: Node "out[24]$latch" is a latch
    Warning: Node "out[25]$latch" is a latch
    Warning: Node "out[26]$latch" is a latch
    Warning: Node "out[27]$latch" is a latch
    Warning: Node "out[28]$latch" is a latch
    Warning: Node "out[29]$latch" is a latch
    Warning: Node "out[30]$latch" is a latch
    Warning: Node "out[31]$latch" is a latch
Warning: Found pins functioning as undefined clocks and/or memory enables
    Info: Assuming node "srcAddMem[2]" is a latch enable. Will not compute fmax for this pin.
    Info: Assuming node "srcAddMem[1]" is a latch enable. Will not compute fmax for this pin.
    Info: Assuming node "srcAddMem[0]" is a latch enable. Will not compute fmax for this pin.
Warning: Found 1 node(s) in clock paths which may be acting as ripple and/or gated clocks -- node(s) analyzed as buffer(s) resulting in clock skew
    Info: Detected gated clock "Mux32~0" as buffer
Info: tsu for register "out[5]$latch" (data pin = "in_causeDiv0[5]", clock pin = "srcAddMem[2]") is 4.419 ns
    Info: + Longest pin to register delay is 7.431 ns
        Info: 1: + IC(0.000 ns) + CELL(0.877 ns) = 0.877 ns; Loc. = PIN_AB18; Fanout = 1; PIN Node = 'in_causeDiv0[5]'
        Info: 2: + IC(5.135 ns) + CELL(0.346 ns) = 6.358 ns; Loc. = LCCOMB_X6_Y26_N24; Fanout = 1; COMB Node = 'Mux5~0'
        Info: 3: + IC(0.248 ns) + CELL(0.357 ns) = 6.963 ns; Loc. = LCCOMB_X6_Y26_N14; Fanout = 1; COMB Node = 'Mux5~1'
        Info: 4: + IC(0.240 ns) + CELL(0.228 ns) = 7.431 ns; Loc. = LCCOMB_X6_Y26_N26; Fanout = 1; REG Node = 'out[5]$latch'
        Info: Total cell delay = 1.808 ns ( 24.33 % )
        Info: Total interconnect delay = 5.623 ns ( 75.67 % )
    Info: + Micro setup delay of destination is 0.693 ns
    Info: - Shortest clock path from clock "srcAddMem[2]" to destination register is 3.705 ns
        Info: 1: + IC(0.000 ns) + CELL(0.830 ns) = 0.830 ns; Loc. = PIN_G22; Fanout = 33; CLK Node = 'srcAddMem[2]'
        Info: 2: + IC(0.585 ns) + CELL(0.053 ns) = 1.468 ns; Loc. = LCCOMB_X1_Y21_N26; Fanout = 1; COMB Node = 'Mux32~0'
        Info: 3: + IC(1.255 ns) + CELL(0.000 ns) = 2.723 ns; Loc. = CLKCTRL_G0; Fanout = 32; COMB Node = 'Mux32~0clkctrl'
        Info: 4: + IC(0.929 ns) + CELL(0.053 ns) = 3.705 ns; Loc. = LCCOMB_X6_Y26_N26; Fanout = 1; REG Node = 'out[5]$latch'
        Info: Total cell delay = 0.936 ns ( 25.26 % )
        Info: Total interconnect delay = 2.769 ns ( 74.74 % )
Info: tco from clock "srcAddMem[0]" to destination pin "out[7]" through register "out[7]$latch" is 8.678 ns
    Info: + Longest clock path from clock "srcAddMem[0]" to source register is 3.861 ns
        Info: 1: + IC(0.000 ns) + CELL(0.790 ns) = 0.790 ns; Loc. = PIN_J17; Fanout = 33; CLK Node = 'srcAddMem[0]'
        Info: 2: + IC(0.609 ns) + CELL(0.228 ns) = 1.627 ns; Loc. = LCCOMB_X1_Y21_N26; Fanout = 1; COMB Node = 'Mux32~0'
        Info: 3: + IC(1.255 ns) + CELL(0.000 ns) = 2.882 ns; Loc. = CLKCTRL_G0; Fanout = 32; COMB Node = 'Mux32~0clkctrl'
        Info: 4: + IC(0.926 ns) + CELL(0.053 ns) = 3.861 ns; Loc. = LCCOMB_X6_Y26_N10; Fanout = 1; REG Node = 'out[7]$latch'
        Info: Total cell delay = 1.071 ns ( 27.74 % )
        Info: Total interconnect delay = 2.790 ns ( 72.26 % )
    Info: + Micro clock to output delay of source is 0.000 ns
    Info: + Longest register to pin delay is 4.817 ns
        Info: 1: + IC(0.000 ns) + CELL(0.000 ns) = 0.000 ns; Loc. = LCCOMB_X6_Y26_N10; Fanout = 1; REG Node = 'out[7]$latch'
        Info: 2: + IC(2.845 ns) + CELL(1.972 ns) = 4.817 ns; Loc. = PIN_Y16; Fanout = 0; PIN Node = 'out[7]'
        Info: Total cell delay = 1.972 ns ( 40.94 % )
        Info: Total interconnect delay = 2.845 ns ( 59.06 % )
Info: th for register "out[30]$latch" (data pin = "in_causeNoOp[30]", clock pin = "srcAddMem[0]") is -1.173 ns
    Info: + Longest clock path from clock "srcAddMem[0]" to destination register is 3.868 ns
        Info: 1: + IC(0.000 ns) + CELL(0.790 ns) = 0.790 ns; Loc. = PIN_J17; Fanout = 33; CLK Node = 'srcAddMem[0]'
        Info: 2: + IC(0.609 ns) + CELL(0.228 ns) = 1.627 ns; Loc. = LCCOMB_X1_Y21_N26; Fanout = 1; COMB Node = 'Mux32~0'
        Info: 3: + IC(1.255 ns) + CELL(0.000 ns) = 2.882 ns; Loc. = CLKCTRL_G0; Fanout = 32; COMB Node = 'Mux32~0clkctrl'
        Info: 4: + IC(0.933 ns) + CELL(0.053 ns) = 3.868 ns; Loc. = LCCOMB_X25_Y26_N16; Fanout = 1; REG Node = 'out[30]$latch'
        Info: Total cell delay = 1.071 ns ( 27.69 % )
        Info: Total interconnect delay = 2.797 ns ( 72.31 % )
    Info: + Micro hold delay of destination is 0.000 ns
    Info: - Shortest pin to register delay is 5.041 ns
        Info: 1: + IC(0.000 ns) + CELL(0.857 ns) = 0.857 ns; Loc. = PIN_A8; Fanout = 1; PIN Node = 'in_causeNoOp[30]'
        Info: 2: + IC(3.703 ns) + CELL(0.053 ns) = 4.613 ns; Loc. = LCCOMB_X25_Y26_N22; Fanout = 1; COMB Node = 'Mux30~1'
        Info: 3: + IC(0.203 ns) + CELL(0.225 ns) = 5.041 ns; Loc. = LCCOMB_X25_Y26_N16; Fanout = 1; REG Node = 'out[30]$latch'
        Info: Total cell delay = 1.135 ns ( 22.52 % )
        Info: Total interconnect delay = 3.906 ns ( 77.48 % )
Info: Quartus II 64-Bit Classic Timing Analyzer was successful. 0 errors, 35 warnings
    Info: Peak virtual memory: 4370 megabytes
    Info: Processing ended: Wed Oct 02 08:33:10 2019
    Info: Elapsed time: 00:00:01
    Info: Total CPU time (on all processors): 00:00:00


